21:21:18 **** Incremental Build of configuration Debug for project hdmi_out ****
make pre-build main-build 
a9-linaro-pre-build-step
' '
make: Nothing to be done for 'main-build'.
21:21:31 **** Incremental Build of configuration Debug for project hdmi_out ****
make pre-build main-build 
a9-linaro-pre-build-step
' '
make: Nothing to be done for 'main-build'.
21:22:59 **** Incremental Build of configuration Debug for project hdmi_out ****
make pre-build main-build 
a9-linaro-pre-build-step
' '
make: Nothing to be done for 'main-build'.
21:23:26 **** Incremental Build of configuration Debug for project hdmi_out ****
make pre-build main-build 
a9-linaro-pre-build-step
' '
make: Nothing to be done for 'main-build'.
21:24:43 **** Incremental Build of configuration Debug for project hdmi_out ****
make pre-build main-build 
a9-linaro-pre-build-step
' '
make: Nothing to be done for 'main-build'.
21:31:15 **** Incremental Build of configuration Debug for project hdmi_out ****
make pre-build main-build 
a9-linaro-pre-build-step
' '
make: Nothing to be done for 'main-build'.
21:34:59 **** Incremental Build of configuration Debug for project hdmi_out ****
make pre-build main-build 
a9-linaro-pre-build-step
' '
make: Nothing to be done for 'main-build'.
21:52:35 **** Incremental Build of configuration Debug for project hdmi_out ****
make pre-build main-build 
a9-linaro-pre-build-step
' '
make: Nothing to be done for 'main-build'.
21:53:55 **** Incremental Build of configuration Debug for project hdmi_out ****
make pre-build main-build 
a9-linaro-pre-build-step
' '
make: Nothing to be done for 'main-build'.
22:11:24 **** Incremental Build of configuration Debug for project hdmi_out ****
make pre-build main-build 
a9-linaro-pre-build-step
' '
make: Nothing to be done for 'main-build'.
22:12:15 **** Incremental Build of configuration Debug for project hdmi_out ****
make pre-build main-build 
a9-linaro-pre-build-step
' '
make: Nothing to be done for 'main-build'.
22:13:45 **** Incremental Build of configuration Debug for project hdmi_out ****
make pre-build main-build 
a9-linaro-pre-build-step
' '
make: Nothing to be done for 'main-build'.
22:14:18 **** Incremental Build of configuration Debug for project hdmi_out ****
make pre-build main-build 
a9-linaro-pre-build-step
' '
make: Nothing to be done for 'main-build'.
22:31:33 **** Incremental Build of configuration Debug for project hdmi_out ****
make pre-build main-build 
a9-linaro-pre-build-step
' '
make: Nothing to be done for 'main-build'.
22:33:17 **** Incremental Build of configuration Debug for project hdmi_out ****
make pre-build main-build 
a9-linaro-pre-build-step
' '
make: Nothing to be done for 'main-build'.
22:35:21 **** Incremental Build of configuration Debug for project hdmi_out ****
make pre-build main-build 
a9-linaro-pre-build-step
' '
make: Nothing to be done for 'main-build'.
22:36:35 **** Incremental Build of configuration Debug for project hdmi_out ****
make pre-build main-build 
a9-linaro-pre-build-step
' '
make: Nothing to be done for 'main-build'.
22:42:57 **** Incremental Build of configuration Debug for project hdmi_out ****
make pre-build main-build 
a9-linaro-pre-build-step
' '
make: Nothing to be done for 'main-build'.
22:44:01 **** Incremental Build of configuration Debug for project hdmi_out ****
make pre-build main-build 
a9-linaro-pre-build-step
' '
make: Nothing to be done for 'main-build'.
22:57:23 **** Incremental Build of configuration Debug for project hdmi_out ****
make pre-build main-build 
a9-linaro-pre-build-step
' '
make: Nothing to be done for 'main-build'.
23:07:21 **** Auto Build of configuration Debug for project hdmi_out ****
make pre-build main-build 
a9-linaro-pre-build-step
' '
'Building file: ../src/display_demo.c'
'Invoking: ARM v7 gcc compiler'
arm-none-eabi-gcc -Wall -O0 -g3 -c -fmessage-length=0 -MT"src/display_demo.o" -mcpu=cortex-a9 -mfpu=vfpv3 -mfloat-abi=hard -I../../hdmi_out_bsp/ps7_cortexa9_0/include -MMD -MP -MF"src/display_demo.d" -MT"src/display_demo.o" -o "src/display_demo.o" "../src/display_demo.c"
'Finished building: ../src/display_demo.c'
' '
'Building target: hdmi_out.elf'
'Invoking: ARM v7 gcc linker'
arm-none-eabi-gcc -mcpu=cortex-a9 -mfpu=vfpv3 -mfloat-abi=hard -Wl,-build-id=none -specs=Xilinx.spec -Wl,-T -Wl,../src/lscript.ld -L../../hdmi_out_bsp/ps7_cortexa9_0/lib -o "hdmi_out.elf"  ./src/timer_ps/timer_ps.o  ./src/dynclk/dynclk.o  ./src/display_ctrl/display_ctrl.o  ./src/display_demo.o   -Wl,--start-group,-lxil,-lgcc,-lc,--end-group
'Finished building target: hdmi_out.elf'
' '
'Invoking: ARM v7 Print Size'
arm-none-eabi-size hdmi_out.elf  |tee "hdmi_out.elf.size"
   text	   data	    bss	    dec	    hex	filename
  91972	   2728	24909408	25004108	17d884c	hdmi_out.elf
'Finished building: hdmi_out.elf.size'
' '
23:07:22 **** Auto Build of configuration Debug for project hdmi_out ****
make pre-build main-build 
a9-linaro-pre-build-step
' '
'Building file: ../src/display_demo.c'
'Invoking: ARM v7 gcc compiler'
arm-none-eabi-gcc -Wall -O0 -g3 -c -fmessage-length=0 -MT"src/display_demo.o" -mcpu=cortex-a9 -mfpu=vfpv3 -mfloat-abi=hard -I../../hdmi_out_bsp/ps7_cortexa9_0/include -MMD -MP -MF"src/display_demo.d" -MT"src/display_demo.o" -o "src/display_demo.o" "../src/display_demo.c"
'Finished building: ../src/display_demo.c'
' '
'Building target: hdmi_out.elf'
'Invoking: ARM v7 gcc linker'
arm-none-eabi-gcc -mcpu=cortex-a9 -mfpu=vfpv3 -mfloat-abi=hard -Wl,-build-id=none -specs=Xilinx.spec -Wl,-T -Wl,../src/lscript.ld -L../../hdmi_out_bsp/ps7_cortexa9_0/lib -o "hdmi_out.elf"  ./src/timer_ps/timer_ps.o  ./src/dynclk/dynclk.o  ./src/display_ctrl/display_ctrl.o  ./src/display_demo.o   -Wl,--start-group,-lxil,-lgcc,-lc,--end-group
'Finished building target: hdmi_out.elf'
' '
'Invoking: ARM v7 Print Size'
arm-none-eabi-size hdmi_out.elf  |tee "hdmi_out.elf.size"
   text	   data	    bss	    dec	    hex	filename
  92484	   2728	24909408	25004620	17d8a4c	hdmi_out.elf
'Finished building: hdmi_out.elf.size'
' '
23:11:35 **** Auto Build of configuration Debug for project hdmi_out ****
make pre-build main-build 
a9-linaro-pre-build-step
' '
'Building file: ../src/display_demo.c'
'Invoking: ARM v7 gcc compiler'
arm-none-eabi-gcc -Wall -O0 -g3 -c -fmessage-length=0 -MT"src/display_demo.o" -mcpu=cortex-a9 -mfpu=vfpv3 -mfloat-abi=hard -I../../hdmi_out_bsp/ps7_cortexa9_0/include -MMD -MP -MF"src/display_demo.d" -MT"src/display_demo.o" -o "src/display_demo.o" "../src/display_demo.c"
'Finished building: ../src/display_demo.c'
' '
'Building target: hdmi_out.elf'
'Invoking: ARM v7 gcc linker'
arm-none-eabi-gcc -mcpu=cortex-a9 -mfpu=vfpv3 -mfloat-abi=hard -Wl,-build-id=none -specs=Xilinx.spec -Wl,-T -Wl,../src/lscript.ld -L../../hdmi_out_bsp/ps7_cortexa9_0/lib -o "hdmi_out.elf"  ./src/timer_ps/timer_ps.o  ./src/dynclk/dynclk.o  ./src/display_ctrl/display_ctrl.o  ./src/display_demo.o   -Wl,--start-group,-lxil,-lgcc,-lc,--end-group
'Finished building target: hdmi_out.elf'
' '
'Invoking: ARM v7 Print Size'
arm-none-eabi-size hdmi_out.elf  |tee "hdmi_out.elf.size"
   text	   data	    bss	    dec	    hex	filename
  92292	   2728	24909408	25004428	17d898c	hdmi_out.elf
'Finished building: hdmi_out.elf.size'
' '
23:13:12 **** Auto Build of configuration Debug for project hdmi_out ****
make pre-build main-build 
a9-linaro-pre-build-step
' '
'Building file: ../src/display_demo.c'
'Invoking: ARM v7 gcc compiler'
arm-none-eabi-gcc -Wall -O0 -g3 -c -fmessage-length=0 -MT"src/display_demo.o" -mcpu=cortex-a9 -mfpu=vfpv3 -mfloat-abi=hard -I../../hdmi_out_bsp/ps7_cortexa9_0/include -MMD -MP -MF"src/display_demo.d" -MT"src/display_demo.o" -o "src/display_demo.o" "../src/display_demo.c"
'Finished building: ../src/display_demo.c'
' '
'Building target: hdmi_out.elf'
'Invoking: ARM v7 gcc linker'
arm-none-eabi-gcc -mcpu=cortex-a9 -mfpu=vfpv3 -mfloat-abi=hard -Wl,-build-id=none -specs=Xilinx.spec -Wl,-T -Wl,../src/lscript.ld -L../../hdmi_out_bsp/ps7_cortexa9_0/lib -o "hdmi_out.elf"  ./src/timer_ps/timer_ps.o  ./src/dynclk/dynclk.o  ./src/display_ctrl/display_ctrl.o  ./src/display_demo.o   -Wl,--start-group,-lxil,-lgcc,-lc,--end-group
'Finished building target: hdmi_out.elf'
' '
'Invoking: ARM v7 Print Size'
arm-none-eabi-size hdmi_out.elf  |tee "hdmi_out.elf.size"
   text	   data	    bss	    dec	    hex	filename
  92356	   2728	24909408	25004492	17d89cc	hdmi_out.elf
'Finished building: hdmi_out.elf.size'
' '
23:13:31 **** Incremental Build of configuration Debug for project hdmi_out ****
make pre-build main-build 
a9-linaro-pre-build-step
' '
make: Nothing to be done for 'main-build'.
23:14:08 **** Incremental Build of configuration Debug for project hdmi_out ****
make pre-build main-build 
a9-linaro-pre-build-step
' '
make: Nothing to be done for 'main-build'.
23:27:46 **** Auto Build of configuration Debug for project hdmi_out ****
make pre-build main-build 
a9-linaro-pre-build-step
' '
'Building file: ../src/display_demo.c'
'Invoking: ARM v7 gcc compiler'
arm-none-eabi-gcc -Wall -O0 -g3 -c -fmessage-length=0 -MT"src/display_demo.o" -mcpu=cortex-a9 -mfpu=vfpv3 -mfloat-abi=hard -I../../hdmi_out_bsp/ps7_cortexa9_0/include -MMD -MP -MF"src/display_demo.d" -MT"src/display_demo.o" -o "src/display_demo.o" "../src/display_demo.c"
'Finished building: ../src/display_demo.c'
' '
'Building target: hdmi_out.elf'
'Invoking: ARM v7 gcc linker'
arm-none-eabi-gcc -mcpu=cortex-a9 -mfpu=vfpv3 -mfloat-abi=hard -Wl,-build-id=none -specs=Xilinx.spec -Wl,-T -Wl,../src/lscript.ld -L../../hdmi_out_bsp/ps7_cortexa9_0/lib -o "hdmi_out.elf"  ./src/timer_ps/timer_ps.o  ./src/dynclk/dynclk.o  ./src/display_ctrl/display_ctrl.o  ./src/display_demo.o   -Wl,--start-group,-lxil,-lgcc,-lc,--end-group
'Finished building target: hdmi_out.elf'
' '
'Invoking: ARM v7 Print Size'
arm-none-eabi-size hdmi_out.elf  |tee "hdmi_out.elf.size"
   text	   data	    bss	    dec	    hex	filename
  92356	   2728	24909408	25004492	17d89cc	hdmi_out.elf
'Finished building: hdmi_out.elf.size'
' '
23:28:20 **** Incremental Build of configuration Debug for project hdmi_out ****
make pre-build main-build 
a9-linaro-pre-build-step
' '
make: Nothing to be done for 'main-build'.
23:29:21 **** Incremental Build of configuration Debug for project hdmi_out ****
make pre-build main-build 
a9-linaro-pre-build-step
' '
make: Nothing to be done for 'main-build'.
23:29:51 **** Incremental Build of configuration Debug for project hdmi_out ****
make pre-build main-build 
a9-linaro-pre-build-step
' '
make: Nothing to be done for 'main-build'.
23:30:28 **** Incremental Build of configuration Debug for project hdmi_out ****
make pre-build main-build 
a9-linaro-pre-build-step
' '
make: Nothing to be done for 'main-build'.
23:31:09 **** Incremental Build of configuration Debug for project hdmi_out ****
make pre-build main-build 
a9-linaro-pre-build-step
' '
make: Nothing to be done for 'main-build'.
23:32:04 **** Incremental Build of configuration Debug for project hdmi_out ****
make pre-build main-build 
a9-linaro-pre-build-step
' '
make: Nothing to be done for 'main-build'.
23:32:47 **** Incremental Build of configuration Debug for project hdmi_out ****
make pre-build main-build 
a9-linaro-pre-build-step
' '
make: Nothing to be done for 'main-build'.
23:34:37 **** Auto Build of configuration Debug for project hdmi_out ****
make pre-build main-build 
a9-linaro-pre-build-step
' '
'Building file: ../src/display_demo.c'
'Invoking: ARM v7 gcc compiler'
arm-none-eabi-gcc -Wall -O0 -g3 -c -fmessage-length=0 -MT"src/display_demo.o" -mcpu=cortex-a9 -mfpu=vfpv3 -mfloat-abi=hard -I../../hdmi_out_bsp/ps7_cortexa9_0/include -MMD -MP -MF"src/display_demo.d" -MT"src/display_demo.o" -o "src/display_demo.o" "../src/display_demo.c"
../src/display_demo.c: In function 'DemoPrintTest':
../src/display_demo.c:508:12: warning: unsigned conversion from 'int' to 'u8' {aka 'unsigned char'} changes value from '256' to '0' [-Woverflow]
    wBlue = 256;
            ^~~
'Finished building: ../src/display_demo.c'
' '
'Building target: hdmi_out.elf'
'Invoking: ARM v7 gcc linker'
arm-none-eabi-gcc -mcpu=cortex-a9 -mfpu=vfpv3 -mfloat-abi=hard -Wl,-build-id=none -specs=Xilinx.spec -Wl,-T -Wl,../src/lscript.ld -L../../hdmi_out_bsp/ps7_cortexa9_0/lib -o "hdmi_out.elf"  ./src/timer_ps/timer_ps.o  ./src/dynclk/dynclk.o  ./src/display_ctrl/display_ctrl.o  ./src/display_demo.o   -Wl,--start-group,-lxil,-lgcc,-lc,--end-group
'Finished building target: hdmi_out.elf'
' '
'Invoking: ARM v7 Print Size'
arm-none-eabi-size hdmi_out.elf  |tee "hdmi_out.elf.size"
   text	   data	    bss	    dec	    hex	filename
  92356	   2728	24909408	25004492	17d89cc	hdmi_out.elf
'Finished building: hdmi_out.elf.size'
' '
23:35:05 **** Incremental Build of configuration Debug for project hdmi_out ****
make pre-build main-build 
a9-linaro-pre-build-step
' '
make: Nothing to be done for 'main-build'.
23:37:52 **** Auto Build of configuration Debug for project hdmi_out ****
make pre-build main-build 
a9-linaro-pre-build-step
' '
'Building file: ../src/display_demo.c'
'Invoking: ARM v7 gcc compiler'
arm-none-eabi-gcc -Wall -O0 -g3 -c -fmessage-length=0 -MT"src/display_demo.o" -mcpu=cortex-a9 -mfpu=vfpv3 -mfloat-abi=hard -I../../hdmi_out_bsp/ps7_cortexa9_0/include -MMD -MP -MF"src/display_demo.d" -MT"src/display_demo.o" -o "src/display_demo.o" "../src/display_demo.c"
'Finished building: ../src/display_demo.c'
' '
'Building target: hdmi_out.elf'
'Invoking: ARM v7 gcc linker'
arm-none-eabi-gcc -mcpu=cortex-a9 -mfpu=vfpv3 -mfloat-abi=hard -Wl,-build-id=none -specs=Xilinx.spec -Wl,-T -Wl,../src/lscript.ld -L../../hdmi_out_bsp/ps7_cortexa9_0/lib -o "hdmi_out.elf"  ./src/timer_ps/timer_ps.o  ./src/dynclk/dynclk.o  ./src/display_ctrl/display_ctrl.o  ./src/display_demo.o   -Wl,--start-group,-lxil,-lgcc,-lc,--end-group
'Finished building target: hdmi_out.elf'
' '
'Invoking: ARM v7 Print Size'
arm-none-eabi-size hdmi_out.elf  |tee "hdmi_out.elf.size"
   text	   data	    bss	    dec	    hex	filename
  92356	   2728	24909408	25004492	17d89cc	hdmi_out.elf
'Finished building: hdmi_out.elf.size'
' '
23:38:10 **** Incremental Build of configuration Debug for project hdmi_out ****
make pre-build main-build 
a9-linaro-pre-build-step
' '
make: Nothing to be done for 'main-build'.
23:40:40 **** Auto Build of configuration Debug for project hdmi_out ****
make pre-build main-build 
a9-linaro-pre-build-step
' '
'Building file: ../src/display_demo.c'
'Invoking: ARM v7 gcc compiler'
arm-none-eabi-gcc -Wall -O0 -g3 -c -fmessage-length=0 -MT"src/display_demo.o" -mcpu=cortex-a9 -mfpu=vfpv3 -mfloat-abi=hard -I../../hdmi_out_bsp/ps7_cortexa9_0/include -MMD -MP -MF"src/display_demo.d" -MT"src/display_demo.o" -o "src/display_demo.o" "../src/display_demo.c"
'Finished building: ../src/display_demo.c'
' '
'Building target: hdmi_out.elf'
'Invoking: ARM v7 gcc linker'
arm-none-eabi-gcc -mcpu=cortex-a9 -mfpu=vfpv3 -mfloat-abi=hard -Wl,-build-id=none -specs=Xilinx.spec -Wl,-T -Wl,../src/lscript.ld -L../../hdmi_out_bsp/ps7_cortexa9_0/lib -o "hdmi_out.elf"  ./src/timer_ps/timer_ps.o  ./src/dynclk/dynclk.o  ./src/display_ctrl/display_ctrl.o  ./src/display_demo.o   -Wl,--start-group,-lxil,-lgcc,-lc,--end-group
'Finished building target: hdmi_out.elf'
' '
'Invoking: ARM v7 Print Size'
arm-none-eabi-size hdmi_out.elf  |tee "hdmi_out.elf.size"
   text	   data	    bss	    dec	    hex	filename
  92356	   2728	24909408	25004492	17d89cc	hdmi_out.elf
'Finished building: hdmi_out.elf.size'
' '
23:41:34 **** Incremental Build of configuration Debug for project hdmi_out ****
make pre-build main-build 
a9-linaro-pre-build-step
' '
make: Nothing to be done for 'main-build'.
23:44:21 **** Auto Build of configuration Debug for project hdmi_out ****
make pre-build main-build 
a9-linaro-pre-build-step
' '
'Building file: ../src/display_demo.c'
'Invoking: ARM v7 gcc compiler'
arm-none-eabi-gcc -Wall -O0 -g3 -c -fmessage-length=0 -MT"src/display_demo.o" -mcpu=cortex-a9 -mfpu=vfpv3 -mfloat-abi=hard -I../../hdmi_out_bsp/ps7_cortexa9_0/include -MMD -MP -MF"src/display_demo.d" -MT"src/display_demo.o" -o "src/display_demo.o" "../src/display_demo.c"
'Finished building: ../src/display_demo.c'
' '
'Building target: hdmi_out.elf'
'Invoking: ARM v7 gcc linker'
arm-none-eabi-gcc -mcpu=cortex-a9 -mfpu=vfpv3 -mfloat-abi=hard -Wl,-build-id=none -specs=Xilinx.spec -Wl,-T -Wl,../src/lscript.ld -L../../hdmi_out_bsp/ps7_cortexa9_0/lib -o "hdmi_out.elf"  ./src/timer_ps/timer_ps.o  ./src/dynclk/dynclk.o  ./src/display_ctrl/display_ctrl.o  ./src/display_demo.o   -Wl,--start-group,-lxil,-lgcc,-lc,--end-group
'Finished building target: hdmi_out.elf'
' '
'Invoking: ARM v7 Print Size'
arm-none-eabi-size hdmi_out.elf  |tee "hdmi_out.elf.size"
   text	   data	    bss	    dec	    hex	filename
  92356	   2728	24909408	25004492	17d89cc	hdmi_out.elf
'Finished building: hdmi_out.elf.size'
' '
23:44:38 **** Incremental Build of configuration Debug for project hdmi_out ****
make pre-build main-build 
a9-linaro-pre-build-step
' '
make: Nothing to be done for 'main-build'.
23:53:02 **** Auto Build of configuration Debug for project hdmi_out ****
make pre-build main-build 
a9-linaro-pre-build-step
' '
'Building file: ../src/display_demo.c'
'Invoking: ARM v7 gcc compiler'
arm-none-eabi-gcc -Wall -O0 -g3 -c -fmessage-length=0 -MT"src/display_demo.o" -mcpu=cortex-a9 -mfpu=vfpv3 -mfloat-abi=hard -I../../hdmi_out_bsp/ps7_cortexa9_0/include -MMD -MP -MF"src/display_demo.d" -MT"src/display_demo.o" -o "src/display_demo.o" "../src/display_demo.c"
'Finished building: ../src/display_demo.c'
' '
'Building target: hdmi_out.elf'
'Invoking: ARM v7 gcc linker'
arm-none-eabi-gcc -mcpu=cortex-a9 -mfpu=vfpv3 -mfloat-abi=hard -Wl,-build-id=none -specs=Xilinx.spec -Wl,-T -Wl,../src/lscript.ld -L../../hdmi_out_bsp/ps7_cortexa9_0/lib -o "hdmi_out.elf"  ./src/timer_ps/timer_ps.o  ./src/dynclk/dynclk.o  ./src/display_ctrl/display_ctrl.o  ./src/display_demo.o   -Wl,--start-group,-lxil,-lgcc,-lc,--end-group
'Finished building target: hdmi_out.elf'
' '
'Invoking: ARM v7 Print Size'
arm-none-eabi-size hdmi_out.elf  |tee "hdmi_out.elf.size"
   text	   data	    bss	    dec	    hex	filename
  92356	   2728	24909408	25004492	17d89cc	hdmi_out.elf
'Finished building: hdmi_out.elf.size'
' '
00:02:30 **** Auto Build of configuration Debug for project hdmi_out ****
make pre-build main-build 
a9-linaro-pre-build-step
' '
'Building file: ../src/display_demo.c'
'Invoking: ARM v7 gcc compiler'
arm-none-eabi-gcc -Wall -O0 -g3 -c -fmessage-length=0 -MT"src/display_demo.o" -mcpu=cortex-a9 -mfpu=vfpv3 -mfloat-abi=hard -I../../hdmi_out_bsp/ps7_cortexa9_0/include -MMD -MP -MF"src/display_demo.d" -MT"src/display_demo.o" -o "src/display_demo.o" "../src/display_demo.c"
'Finished building: ../src/display_demo.c'
' '
'Building target: hdmi_out.elf'
'Invoking: ARM v7 gcc linker'
arm-none-eabi-gcc -mcpu=cortex-a9 -mfpu=vfpv3 -mfloat-abi=hard -Wl,-build-id=none -specs=Xilinx.spec -Wl,-T -Wl,../src/lscript.ld -L../../hdmi_out_bsp/ps7_cortexa9_0/lib -o "hdmi_out.elf"  ./src/timer_ps/timer_ps.o  ./src/dynclk/dynclk.o  ./src/display_ctrl/display_ctrl.o  ./src/display_demo.o   -Wl,--start-group,-lxil,-lgcc,-lc,--end-group
'Finished building target: hdmi_out.elf'
' '
'Invoking: ARM v7 Print Size'
arm-none-eabi-size hdmi_out.elf  |tee "hdmi_out.elf.size"
   text	   data	    bss	    dec	    hex	filename
  92356	   2728	24909408	25004492	17d89cc	hdmi_out.elf
'Finished building: hdmi_out.elf.size'
' '
00:02:34 **** Auto Build of configuration Debug for project hdmi_out ****
make pre-build main-build 
a9-linaro-pre-build-step
' '
'Building file: ../src/display_demo.c'
'Invoking: ARM v7 gcc compiler'
arm-none-eabi-gcc -Wall -O0 -g3 -c -fmessage-length=0 -MT"src/display_demo.o" -mcpu=cortex-a9 -mfpu=vfpv3 -mfloat-abi=hard -I../../hdmi_out_bsp/ps7_cortexa9_0/include -MMD -MP -MF"src/display_demo.d" -MT"src/display_demo.o" -o "src/display_demo.o" "../src/display_demo.c"
../src/display_demo.c: In function 'DemoPrintTest':
../src/display_demo.c:521:37: error: expected ')' before 'and'
     if (xcoi > pbox.xpos - pbox.size and xcoi > pbox.xpos + pbox.size
        ~                            ^~~~
                                     )
make: *** [src/subdir.mk:23: src/display_demo.o] Error 1
00:02:50 **** Auto Build of configuration Debug for project hdmi_out ****
make pre-build main-build 
a9-linaro-pre-build-step
' '
'Building file: ../src/display_demo.c'
'Invoking: ARM v7 gcc compiler'
arm-none-eabi-gcc -Wall -O0 -g3 -c -fmessage-length=0 -MT"src/display_demo.o" -mcpu=cortex-a9 -mfpu=vfpv3 -mfloat-abi=hard -I../../hdmi_out_bsp/ps7_cortexa9_0/include -MMD -MP -MF"src/display_demo.d" -MT"src/display_demo.o" -o "src/display_demo.o" "../src/display_demo.c"
../src/display_demo.c: In function 'DemoPrintTest':
../src/display_demo.c:521:37: error: expected ')' before 'and'
     if (xcoi > pbox.xpos - pbox.size and xcoi > pbox.xpos + pbox.size and ycoi > pbox.ypos - pbox.size and ycoi < pbox.ypos + pbox.size){
        ~                            ^~~~
                                     )
make: *** [src/subdir.mk:23: src/display_demo.o] Error 1
00:04:13 **** Auto Build of configuration Debug for project hdmi_out ****
make pre-build main-build 
a9-linaro-pre-build-step
' '
'Building file: ../src/display_demo.c'
'Invoking: ARM v7 gcc compiler'
arm-none-eabi-gcc -Wall -O0 -g3 -c -fmessage-length=0 -MT"src/display_demo.o" -mcpu=cortex-a9 -mfpu=vfpv3 -mfloat-abi=hard -I../../hdmi_out_bsp/ps7_cortexa9_0/include -MMD -MP -MF"src/display_demo.d" -MT"src/display_demo.o" -o "src/display_demo.o" "../src/display_demo.c"
'Finished building: ../src/display_demo.c'
' '
'Building target: hdmi_out.elf'
'Invoking: ARM v7 gcc linker'
arm-none-eabi-gcc -mcpu=cortex-a9 -mfpu=vfpv3 -mfloat-abi=hard -Wl,-build-id=none -specs=Xilinx.spec -Wl,-T -Wl,../src/lscript.ld -L../../hdmi_out_bsp/ps7_cortexa9_0/lib -o "hdmi_out.elf"  ./src/timer_ps/timer_ps.o  ./src/dynclk/dynclk.o  ./src/display_ctrl/display_ctrl.o  ./src/display_demo.o   -Wl,--start-group,-lxil,-lgcc,-lc,--end-group
'Finished building target: hdmi_out.elf'
' '
'Invoking: ARM v7 Print Size'
arm-none-eabi-size hdmi_out.elf  |tee "hdmi_out.elf.size"
   text	   data	    bss	    dec	    hex	filename
  92484	   2728	24909408	25004620	17d8a4c	hdmi_out.elf
'Finished building: hdmi_out.elf.size'
' '
00:06:01 **** Auto Build of configuration Debug for project hdmi_out ****
make pre-build main-build 
a9-linaro-pre-build-step
' '
'Building file: ../src/display_demo.c'
'Invoking: ARM v7 gcc compiler'
arm-none-eabi-gcc -Wall -O0 -g3 -c -fmessage-length=0 -MT"src/display_demo.o" -mcpu=cortex-a9 -mfpu=vfpv3 -mfloat-abi=hard -I../../hdmi_out_bsp/ps7_cortexa9_0/include -MMD -MP -MF"src/display_demo.d" -MT"src/display_demo.o" -o "src/display_demo.o" "../src/display_demo.c"
'Finished building: ../src/display_demo.c'
' '
'Building target: hdmi_out.elf'
'Invoking: ARM v7 gcc linker'
arm-none-eabi-gcc -mcpu=cortex-a9 -mfpu=vfpv3 -mfloat-abi=hard -Wl,-build-id=none -specs=Xilinx.spec -Wl,-T -Wl,../src/lscript.ld -L../../hdmi_out_bsp/ps7_cortexa9_0/lib -o "hdmi_out.elf"  ./src/timer_ps/timer_ps.o  ./src/dynclk/dynclk.o  ./src/display_ctrl/display_ctrl.o  ./src/display_demo.o   -Wl,--start-group,-lxil,-lgcc,-lc,--end-group
'Finished building target: hdmi_out.elf'
' '
'Invoking: ARM v7 Print Size'
arm-none-eabi-size hdmi_out.elf  |tee "hdmi_out.elf.size"
   text	   data	    bss	    dec	    hex	filename
  92548	   2728	24909408	25004684	17d8a8c	hdmi_out.elf
'Finished building: hdmi_out.elf.size'
' '
00:06:50 **** Auto Build of configuration Debug for project hdmi_out ****
make pre-build main-build 
a9-linaro-pre-build-step
' '
'Building file: ../src/display_demo.c'
'Invoking: ARM v7 gcc compiler'
arm-none-eabi-gcc -Wall -O0 -g3 -c -fmessage-length=0 -MT"src/display_demo.o" -mcpu=cortex-a9 -mfpu=vfpv3 -mfloat-abi=hard -I../../hdmi_out_bsp/ps7_cortexa9_0/include -MMD -MP -MF"src/display_demo.d" -MT"src/display_demo.o" -o "src/display_demo.o" "../src/display_demo.c"
../src/display_demo.c: In function 'DemoPrintTest':
../src/display_demo.c:517:4: error: 'pRed' undeclared (first use in this function); did you mean 'fRed'?
    pRed = 64;
    ^~~~
    fRed
../src/display_demo.c:517:4: note: each undeclared identifier is reported only once for each function it appears in
../src/display_demo.c:518:4: error: 'pBlue' undeclared (first use in this function); did you mean 'fBlue'?
    pBlue = 0;
    ^~~~~
    fBlue
../src/display_demo.c:519:4: error: 'pGreen' undeclared (first use in this function); did you mean 'fGreen'?
    pGreen = 64;
    ^~~~~~
    fGreen
make: *** [src/subdir.mk:23: src/display_demo.o] Error 1
00:07:34 **** Auto Build of configuration Debug for project hdmi_out ****
make pre-build main-build 
a9-linaro-pre-build-step
' '
'Building file: ../src/display_demo.c'
'Invoking: ARM v7 gcc compiler'
arm-none-eabi-gcc -Wall -O0 -g3 -c -fmessage-length=0 -MT"src/display_demo.o" -mcpu=cortex-a9 -mfpu=vfpv3 -mfloat-abi=hard -I../../hdmi_out_bsp/ps7_cortexa9_0/include -MMD -MP -MF"src/display_demo.d" -MT"src/display_demo.o" -o "src/display_demo.o" "../src/display_demo.c"
'Finished building: ../src/display_demo.c'
' '
'Building target: hdmi_out.elf'
'Invoking: ARM v7 gcc linker'
arm-none-eabi-gcc -mcpu=cortex-a9 -mfpu=vfpv3 -mfloat-abi=hard -Wl,-build-id=none -specs=Xilinx.spec -Wl,-T -Wl,../src/lscript.ld -L../../hdmi_out_bsp/ps7_cortexa9_0/lib -o "hdmi_out.elf"  ./src/timer_ps/timer_ps.o  ./src/dynclk/dynclk.o  ./src/display_ctrl/display_ctrl.o  ./src/display_demo.o   -Wl,--start-group,-lxil,-lgcc,-lc,--end-group
'Finished building target: hdmi_out.elf'
' '
'Invoking: ARM v7 Print Size'
arm-none-eabi-size hdmi_out.elf  |tee "hdmi_out.elf.size"
   text	   data	    bss	    dec	    hex	filename
  92612	   2728	24909408	25004748	17d8acc	hdmi_out.elf
'Finished building: hdmi_out.elf.size'
' '
00:09:09 **** Incremental Build of configuration Debug for project hdmi_out ****
make pre-build main-build 
a9-linaro-pre-build-step
' '
make: Nothing to be done for 'main-build'.
00:11:00 **** Auto Build of configuration Debug for project hdmi_out ****
make pre-build main-build 
a9-linaro-pre-build-step
' '
'Building file: ../src/display_demo.c'
'Invoking: ARM v7 gcc compiler'
arm-none-eabi-gcc -Wall -O0 -g3 -c -fmessage-length=0 -MT"src/display_demo.o" -mcpu=cortex-a9 -mfpu=vfpv3 -mfloat-abi=hard -I../../hdmi_out_bsp/ps7_cortexa9_0/include -MMD -MP -MF"src/display_demo.d" -MT"src/display_demo.o" -o "src/display_demo.o" "../src/display_demo.c"
'Finished building: ../src/display_demo.c'
' '
'Building target: hdmi_out.elf'
'Invoking: ARM v7 gcc linker'
arm-none-eabi-gcc -mcpu=cortex-a9 -mfpu=vfpv3 -mfloat-abi=hard -Wl,-build-id=none -specs=Xilinx.spec -Wl,-T -Wl,../src/lscript.ld -L../../hdmi_out_bsp/ps7_cortexa9_0/lib -o "hdmi_out.elf"  ./src/timer_ps/timer_ps.o  ./src/dynclk/dynclk.o  ./src/display_ctrl/display_ctrl.o  ./src/display_demo.o   -Wl,--start-group,-lxil,-lgcc,-lc,--end-group
'Finished building target: hdmi_out.elf'
' '
'Invoking: ARM v7 Print Size'
arm-none-eabi-size hdmi_out.elf  |tee "hdmi_out.elf.size"
   text	   data	    bss	    dec	    hex	filename
  92612	   2728	24909408	25004748	17d8acc	hdmi_out.elf
'Finished building: hdmi_out.elf.size'
' '
00:11:27 **** Incremental Build of configuration Debug for project hdmi_out ****
make pre-build main-build 
a9-linaro-pre-build-step
' '
make: Nothing to be done for 'main-build'.
00:15:49 **** Auto Build of configuration Debug for project hdmi_out ****
make pre-build main-build 
a9-linaro-pre-build-step
' '
'Building file: ../src/display_demo.c'
'Invoking: ARM v7 gcc compiler'
arm-none-eabi-gcc -Wall -O0 -g3 -c -fmessage-length=0 -MT"src/display_demo.o" -mcpu=cortex-a9 -mfpu=vfpv3 -mfloat-abi=hard -I../../hdmi_out_bsp/ps7_cortexa9_0/include -MMD -MP -MF"src/display_demo.d" -MT"src/display_demo.o" -o "src/display_demo.o" "../src/display_demo.c"
'Finished building: ../src/display_demo.c'
' '
'Building target: hdmi_out.elf'
'Invoking: ARM v7 gcc linker'
arm-none-eabi-gcc -mcpu=cortex-a9 -mfpu=vfpv3 -mfloat-abi=hard -Wl,-build-id=none -specs=Xilinx.spec -Wl,-T -Wl,../src/lscript.ld -L../../hdmi_out_bsp/ps7_cortexa9_0/lib -o "hdmi_out.elf"  ./src/timer_ps/timer_ps.o  ./src/dynclk/dynclk.o  ./src/display_ctrl/display_ctrl.o  ./src/display_demo.o   -Wl,--start-group,-lxil,-lgcc,-lc,--end-group
'Finished building target: hdmi_out.elf'
' '
'Invoking: ARM v7 Print Size'
arm-none-eabi-size hdmi_out.elf  |tee "hdmi_out.elf.size"
   text	   data	    bss	    dec	    hex	filename
  92612	   2728	24909408	25004748	17d8acc	hdmi_out.elf
'Finished building: hdmi_out.elf.size'
' '
00:16:10 **** Incremental Build of configuration Debug for project hdmi_out ****
make pre-build main-build 
a9-linaro-pre-build-step
' '
make: Nothing to be done for 'main-build'.
00:24:29 **** Auto Build of configuration Debug for project hdmi_out ****
make pre-build main-build 
a9-linaro-pre-build-step
' '
'Building file: ../src/display_demo.c'
'Invoking: ARM v7 gcc compiler'
arm-none-eabi-gcc -Wall -O0 -g3 -c -fmessage-length=0 -MT"src/display_demo.o" -mcpu=cortex-a9 -mfpu=vfpv3 -mfloat-abi=hard -I../../hdmi_out_bsp/ps7_cortexa9_0/include -MMD -MP -MF"src/display_demo.d" -MT"src/display_demo.o" -o "src/display_demo.o" "../src/display_demo.c"
../src/display_demo.c: In function 'DemoPrintTest':
../src/display_demo.c:527:16: error: 'pbox' undeclared (first use in this function); did you mean 'pow'?
     if (xcoi > pbox->xpos && xcoi < pbox->xpos + pbox->size && ycoi > pbox->ypos && ycoi < pbox->ypos + pbox->size/4) {
                ^~~~
                pow
../src/display_demo.c:527:16: note: each undeclared identifier is reported only once for each function it appears in
make: *** [src/subdir.mk:23: src/display_demo.o] Error 1
00:28:58 **** Auto Build of configuration Debug for project hdmi_out ****
make pre-build main-build 
a9-linaro-pre-build-step
' '
'Building file: ../src/display_demo.c'
'Invoking: ARM v7 gcc compiler'
arm-none-eabi-gcc -Wall -O0 -g3 -c -fmessage-length=0 -MT"src/display_demo.o" -mcpu=cortex-a9 -mfpu=vfpv3 -mfloat-abi=hard -I../../hdmi_out_bsp/ps7_cortexa9_0/include -MMD -MP -MF"src/display_demo.d" -MT"src/display_demo.o" -o "src/display_demo.o" "../src/display_demo.c"
../src/display_demo.c: In function 'DemoRun':
../src/display_demo.c:147:30: error: expected '{' before '*' token
  struct PBox *pbox = (struct *PBox) malloc(12);
                              ^
../src/display_demo.c: In function 'DemoPrintTest':
../src/display_demo.c:527:16: error: 'pbox' undeclared (first use in this function); did you mean 'pow'?
     if (xcoi > pbox->xpos && xcoi < pbox->xpos + pbox->size && ycoi > pbox->ypos && ycoi < pbox->ypos + pbox->size/4) {
                ^~~~
                pow
../src/display_demo.c:527:16: note: each undeclared identifier is reported only once for each function it appears in
make: *** [src/subdir.mk:23: src/display_demo.o] Error 1
00:29:03 **** Auto Build of configuration Debug for project hdmi_out ****
make pre-build main-build 
a9-linaro-pre-build-step
' '
'Building file: ../src/display_demo.c'
'Invoking: ARM v7 gcc compiler'
arm-none-eabi-gcc -Wall -O0 -g3 -c -fmessage-length=0 -MT"src/display_demo.o" -mcpu=cortex-a9 -mfpu=vfpv3 -mfloat-abi=hard -I../../hdmi_out_bsp/ps7_cortexa9_0/include -MMD -MP -MF"src/display_demo.d" -MT"src/display_demo.o" -o "src/display_demo.o" "../src/display_demo.c"
../src/display_demo.c: In function 'DemoRun':
../src/display_demo.c:147:24: error: 'PBox' undeclared (first use in this function)
  struct PBox *pbox = (*PBox) malloc(12);
                        ^~~~
../src/display_demo.c:147:24: note: each undeclared identifier is reported only once for each function it appears in
../src/display_demo.c:147:30: error: expected ',' or ';' before 'malloc'
  struct PBox *pbox = (*PBox) malloc(12);
                              ^~~~~~
../src/display_demo.c: In function 'DemoPrintTest':
../src/display_demo.c:527:16: error: 'pbox' undeclared (first use in this function); did you mean 'pow'?
     if (xcoi > pbox->xpos && xcoi < pbox->xpos + pbox->size && ycoi > pbox->ypos && ycoi < pbox->ypos + pbox->size/4) {
                ^~~~
                pow
make: *** [src/subdir.mk:23: src/display_demo.o] Error 1
00:29:29 **** Auto Build of configuration Debug for project hdmi_out ****
make pre-build main-build 
a9-linaro-pre-build-step
' '
'Building file: ../src/display_demo.c'
'Invoking: ARM v7 gcc compiler'
arm-none-eabi-gcc -Wall -O0 -g3 -c -fmessage-length=0 -MT"src/display_demo.o" -mcpu=cortex-a9 -mfpu=vfpv3 -mfloat-abi=hard -I../../hdmi_out_bsp/ps7_cortexa9_0/include -MMD -MP -MF"src/display_demo.d" -MT"src/display_demo.o" -o "src/display_demo.o" "../src/display_demo.c"
../src/display_demo.c: In function 'DemoPrintTest':
../src/display_demo.c:527:16: error: 'pbox' undeclared (first use in this function); did you mean 'pow'?
     if (xcoi > pbox->xpos && xcoi < pbox->xpos + pbox->size && ycoi > pbox->ypos && ycoi < pbox->ypos + pbox->size/4) {
                ^~~~
                pow
../src/display_demo.c:527:16: note: each undeclared identifier is reported only once for each function it appears in
make: *** [src/subdir.mk:23: src/display_demo.o] Error 1
00:33:40 **** Auto Build of configuration Debug for project hdmi_out ****
make pre-build main-build 
a9-linaro-pre-build-step
' '
'Building file: ../src/display_demo.c'
'Invoking: ARM v7 gcc compiler'
arm-none-eabi-gcc -Wall -O0 -g3 -c -fmessage-length=0 -MT"src/display_demo.o" -mcpu=cortex-a9 -mfpu=vfpv3 -mfloat-abi=hard -I../../hdmi_out_bsp/ps7_cortexa9_0/include -MMD -MP -MF"src/display_demo.d" -MT"src/display_demo.o" -o "src/display_demo.o" "../src/display_demo.c"
In file included from ../src/display_demo.c:26:
../src/display_demo.h:52:86: warning: 'struct PBOX' declared inside parameter list will not be visible outside of this definition or declaration
 void DemoPrintTest(u8 *frame, u32 width, u32 height, u32 stride, int pattern, struct PBOX *box);
                                                                                      ^~~~
../src/display_demo.c: In function 'DemoInitialize':
../src/display_demo.c:130:2: error: too few arguments to function 'DemoPrintTest'
  DemoPrintTest(dispCtrl.framePtr[dispCtrl.curFrame], dispCtrl.vMode.width, dispCtrl.vMode.height, dispCtrl.stride, DEMO_PATTERN_1);
  ^~~~~~~~~~~~~
In file included from ../src/display_demo.c:26:
../src/display_demo.h:52:6: note: declared here
 void DemoPrintTest(u8 *frame, u32 width, u32 height, u32 stride, int pattern, struct PBOX *box);
      ^~~~~~~~~~~~~
../src/display_demo.c: In function 'DemoRun':
../src/display_demo.c:182:4: error: too few arguments to function 'DemoPrintTest'
    DemoPrintTest(pFrames[dispCtrl.curFrame], dispCtrl.vMode.width, dispCtrl.vMode.height, DEMO_STRIDE, DEMO_PATTERN_0);
    ^~~~~~~~~~~~~
In file included from ../src/display_demo.c:26:
../src/display_demo.h:52:6: note: declared here
 void DemoPrintTest(u8 *frame, u32 width, u32 height, u32 stride, int pattern, struct PBOX *box);
      ^~~~~~~~~~~~~
../src/display_demo.c:185:4: error: too few arguments to function 'DemoPrintTest'
    DemoPrintTest(pFrames[dispCtrl.curFrame], dispCtrl.vMode.width, dispCtrl.vMode.height, DEMO_STRIDE, DEMO_PATTERN_1);
    ^~~~~~~~~~~~~
In file included from ../src/display_demo.c:26:
../src/display_demo.h:52:6: note: declared here
 void DemoPrintTest(u8 *frame, u32 width, u32 height, u32 stride, int pattern, struct PBOX *box);
      ^~~~~~~~~~~~~
../src/display_demo.c:200:4: error: too few arguments to function 'DemoPrintTest'
    DemoPrintTest(pFrames[dispCtrl.curFrame], dispCtrl.vMode.width, dispCtrl.vMode.height, DEMO_STRIDE, DEMO_PATTERN_2);
    ^~~~~~~~~~~~~
In file included from ../src/display_demo.c:26:
../src/display_demo.h:52:6: note: declared here
 void DemoPrintTest(u8 *frame, u32 width, u32 height, u32 stride, int pattern, struct PBOX *box);
      ^~~~~~~~~~~~~
../src/display_demo.c: At top level:
../src/display_demo.c:349:6: error: conflicting types for 'DemoPrintTest'
 void DemoPrintTest(u8 *frame, u32 width, u32 height, u32 stride, int pattern)
      ^~~~~~~~~~~~~
In file included from ../src/display_demo.c:26:
../src/display_demo.h:52:6: note: previous declaration of 'DemoPrintTest' was here
 void DemoPrintTest(u8 *frame, u32 width, u32 height, u32 stride, int pattern, struct PBOX *box);
      ^~~~~~~~~~~~~
../src/display_demo.c: In function 'DemoPrintTest':
../src/display_demo.c:527:16: error: 'pbox' undeclared (first use in this function); did you mean 'pow'?
     if (xcoi > pbox->xpos && xcoi < pbox->xpos + pbox->size && ycoi > pbox->ypos && ycoi < pbox->ypos + pbox->size/4) {
                ^~~~
                pow
../src/display_demo.c:527:16: note: each undeclared identifier is reported only once for each function it appears in
make: *** [src/subdir.mk:23: src/display_demo.o] Error 1
00:34:29 **** Auto Build of configuration Debug for project hdmi_out ****
make pre-build main-build 
a9-linaro-pre-build-step
' '
'Building file: ../src/display_demo.c'
'Invoking: ARM v7 gcc compiler'
arm-none-eabi-gcc -Wall -O0 -g3 -c -fmessage-length=0 -MT"src/display_demo.o" -mcpu=cortex-a9 -mfpu=vfpv3 -mfloat-abi=hard -I../../hdmi_out_bsp/ps7_cortexa9_0/include -MMD -MP -MF"src/display_demo.d" -MT"src/display_demo.o" -o "src/display_demo.o" "../src/display_demo.c"
In file included from ../src/display_demo.c:26:
../src/display_demo.h:52:86: warning: 'struct PBOX' declared inside parameter list will not be visible outside of this definition or declaration
 void DemoPrintTest(u8 *frame, u32 width, u32 height, u32 stride, int pattern, struct PBOX *box);
                                                                                      ^~~~
../src/display_demo.c: In function 'DemoInitialize':
../src/display_demo.c:130:2: error: too few arguments to function 'DemoPrintTest'
  DemoPrintTest(dispCtrl.framePtr[dispCtrl.curFrame], dispCtrl.vMode.width, dispCtrl.vMode.height, dispCtrl.stride, DEMO_PATTERN_1);
  ^~~~~~~~~~~~~
In file included from ../src/display_demo.c:26:
../src/display_demo.h:52:6: note: declared here
 void DemoPrintTest(u8 *frame, u32 width, u32 height, u32 stride, int pattern, struct PBOX *box);
      ^~~~~~~~~~~~~
../src/display_demo.c: In function 'DemoRun':
../src/display_demo.c:182:120: warning: passing argument 6 of 'DemoPrintTest' from incompatible pointer type [-Wincompatible-pointer-types]
    DemoPrintTest(pFrames[dispCtrl.curFrame], dispCtrl.vMode.width, dispCtrl.vMode.height, DEMO_STRIDE, DEMO_PATTERN_0, pbox);
                                                                                                                        ^~~~
In file included from ../src/display_demo.c:26:
../src/display_demo.h:52:92: note: expected 'struct PBOX *' but argument is of type 'struct PBox *'
 void DemoPrintTest(u8 *frame, u32 width, u32 height, u32 stride, int pattern, struct PBOX *box);
                                                                               ~~~~~~~~~~~~~^~~
../src/display_demo.c:185:120: warning: passing argument 6 of 'DemoPrintTest' from incompatible pointer type [-Wincompatible-pointer-types]
    DemoPrintTest(pFrames[dispCtrl.curFrame], dispCtrl.vMode.width, dispCtrl.vMode.height, DEMO_STRIDE, DEMO_PATTERN_1, pbox);
                                                                                                                        ^~~~
In file included from ../src/display_demo.c:26:
../src/display_demo.h:52:92: note: expected 'struct PBOX *' but argument is of type 'struct PBox *'
 void DemoPrintTest(u8 *frame, u32 width, u32 height, u32 stride, int pattern, struct PBOX *box);
                                                                               ~~~~~~~~~~~~~^~~
../src/display_demo.c:200:120: warning: passing argument 6 of 'DemoPrintTest' from incompatible pointer type [-Wincompatible-pointer-types]
    DemoPrintTest(pFrames[dispCtrl.curFrame], dispCtrl.vMode.width, dispCtrl.vMode.height, DEMO_STRIDE, DEMO_PATTERN_2, pbox);
                                                                                                                        ^~~~
In file included from ../src/display_demo.c:26:
../src/display_demo.h:52:92: note: expected 'struct PBOX *' but argument is of type 'struct PBox *'
 void DemoPrintTest(u8 *frame, u32 width, u32 height, u32 stride, int pattern, struct PBOX *box);
                                                                               ~~~~~~~~~~~~~^~~
../src/display_demo.c: At top level:
../src/display_demo.c:349:6: error: conflicting types for 'DemoPrintTest'
 void DemoPrintTest(u8 *frame, u32 width, u32 height, u32 stride, int pattern)
      ^~~~~~~~~~~~~
In file included from ../src/display_demo.c:26:
../src/display_demo.h:52:6: note: previous declaration of 'DemoPrintTest' was here
 void DemoPrintTest(u8 *frame, u32 width, u32 height, u32 stride, int pattern, struct PBOX *box);
      ^~~~~~~~~~~~~
../src/display_demo.c: In function 'DemoPrintTest':
../src/display_demo.c:527:16: error: 'pbox' undeclared (first use in this function); did you mean 'pow'?
     if (xcoi > pbox->xpos && xcoi < pbox->xpos + pbox->size && ycoi > pbox->ypos && ycoi < pbox->ypos + pbox->size/4) {
                ^~~~
                pow
../src/display_demo.c:527:16: note: each undeclared identifier is reported only once for each function it appears in
make: *** [src/subdir.mk:23: src/display_demo.o] Error 1
00:34:58 **** Auto Build of configuration Debug for project hdmi_out ****
make pre-build main-build 
a9-linaro-pre-build-step
' '
'Building file: ../src/display_demo.c'
'Invoking: ARM v7 gcc compiler'
arm-none-eabi-gcc -Wall -O0 -g3 -c -fmessage-length=0 -MT"src/display_demo.o" -mcpu=cortex-a9 -mfpu=vfpv3 -mfloat-abi=hard -I../../hdmi_out_bsp/ps7_cortexa9_0/include -MMD -MP -MF"src/display_demo.d" -MT"src/display_demo.o" -o "src/display_demo.o" "../src/display_demo.c"
In file included from ../src/display_demo.c:26:
../src/display_demo.h:52:86: warning: 'struct PBOX' declared inside parameter list will not be visible outside of this definition or declaration
 void DemoPrintTest(u8 *frame, u32 width, u32 height, u32 stride, int pattern, struct PBOX *box);
                                                                                      ^~~~
../src/display_demo.c: In function 'DemoInitialize':
../src/display_demo.c:130:2: error: too few arguments to function 'DemoPrintTest'
  DemoPrintTest(dispCtrl.framePtr[dispCtrl.curFrame], dispCtrl.vMode.width, dispCtrl.vMode.height, dispCtrl.stride, DEMO_PATTERN_1);
  ^~~~~~~~~~~~~
In file included from ../src/display_demo.c:26:
../src/display_demo.h:52:6: note: declared here
 void DemoPrintTest(u8 *frame, u32 width, u32 height, u32 stride, int pattern, struct PBOX *box);
      ^~~~~~~~~~~~~
../src/display_demo.c: In function 'DemoRun':
../src/display_demo.c:182:120: warning: passing argument 6 of 'DemoPrintTest' from incompatible pointer type [-Wincompatible-pointer-types]
    DemoPrintTest(pFrames[dispCtrl.curFrame], dispCtrl.vMode.width, dispCtrl.vMode.height, DEMO_STRIDE, DEMO_PATTERN_0, pbox);
                                                                                                                        ^~~~
In file included from ../src/display_demo.c:26:
../src/display_demo.h:52:92: note: expected 'struct PBOX *' but argument is of type 'struct PBox *'
 void DemoPrintTest(u8 *frame, u32 width, u32 height, u32 stride, int pattern, struct PBOX *box);
                                                                               ~~~~~~~~~~~~~^~~
../src/display_demo.c:185:120: warning: passing argument 6 of 'DemoPrintTest' from incompatible pointer type [-Wincompatible-pointer-types]
    DemoPrintTest(pFrames[dispCtrl.curFrame], dispCtrl.vMode.width, dispCtrl.vMode.height, DEMO_STRIDE, DEMO_PATTERN_1, pbox);
                                                                                                                        ^~~~
In file included from ../src/display_demo.c:26:
../src/display_demo.h:52:92: note: expected 'struct PBOX *' but argument is of type 'struct PBox *'
 void DemoPrintTest(u8 *frame, u32 width, u32 height, u32 stride, int pattern, struct PBOX *box);
                                                                               ~~~~~~~~~~~~~^~~
../src/display_demo.c:200:120: warning: passing argument 6 of 'DemoPrintTest' from incompatible pointer type [-Wincompatible-pointer-types]
    DemoPrintTest(pFrames[dispCtrl.curFrame], dispCtrl.vMode.width, dispCtrl.vMode.height, DEMO_STRIDE, DEMO_PATTERN_2, pbox);
                                                                                                                        ^~~~
In file included from ../src/display_demo.c:26:
../src/display_demo.h:52:92: note: expected 'struct PBOX *' but argument is of type 'struct PBox *'
 void DemoPrintTest(u8 *frame, u32 width, u32 height, u32 stride, int pattern, struct PBOX *box);
                                                                               ~~~~~~~~~~~~~^~~
../src/display_demo.c: At top level:
../src/display_demo.c:349:6: error: conflicting types for 'DemoPrintTest'
 void DemoPrintTest(u8 *frame, u32 width, u32 height, u32 stride, int pattern, struct PBox box)
      ^~~~~~~~~~~~~
In file included from ../src/display_demo.c:26:
../src/display_demo.h:52:6: note: previous declaration of 'DemoPrintTest' was here
 void DemoPrintTest(u8 *frame, u32 width, u32 height, u32 stride, int pattern, struct PBOX *box);
      ^~~~~~~~~~~~~
../src/display_demo.c: In function 'DemoPrintTest':
../src/display_demo.c:527:16: error: 'pbox' undeclared (first use in this function); did you mean 'box'?
     if (xcoi > pbox->xpos && xcoi < pbox->xpos + pbox->size && ycoi > pbox->ypos && ycoi < pbox->ypos + pbox->size/4) {
                ^~~~
                box
../src/display_demo.c:527:16: note: each undeclared identifier is reported only once for each function it appears in
make: *** [src/subdir.mk:23: src/display_demo.o] Error 1
00:36:05 **** Auto Build of configuration Debug for project hdmi_out ****
make pre-build main-build 
a9-linaro-pre-build-step
' '
'Building file: ../src/display_demo.c'
'Invoking: ARM v7 gcc compiler'
arm-none-eabi-gcc -Wall -O0 -g3 -c -fmessage-length=0 -MT"src/display_demo.o" -mcpu=cortex-a9 -mfpu=vfpv3 -mfloat-abi=hard -I../../hdmi_out_bsp/ps7_cortexa9_0/include -MMD -MP -MF"src/display_demo.d" -MT"src/display_demo.o" -o "src/display_demo.o" "../src/display_demo.c"
In file included from ../src/display_demo.c:26:
../src/display_demo.h:52:86: warning: 'struct PBOX' declared inside parameter list will not be visible outside of this definition or declaration
 void DemoPrintTest(u8 *frame, u32 width, u32 height, u32 stride, int pattern, struct PBOX *box);
                                                                                      ^~~~
../src/display_demo.c: In function 'DemoInitialize':
../src/display_demo.c:130:132: error: 'pbox' undeclared (first use in this function); did you mean 'pow'?
  DemoPrintTest(dispCtrl.framePtr[dispCtrl.curFrame], dispCtrl.vMode.width, dispCtrl.vMode.height, dispCtrl.stride, DEMO_PATTERN_1, pbox);
                                                                                                                                    ^~~~
                                                                                                                                    pow
../src/display_demo.c:130:132: note: each undeclared identifier is reported only once for each function it appears in
../src/display_demo.c: In function 'DemoRun':
../src/display_demo.c:182:120: warning: passing argument 6 of 'DemoPrintTest' from incompatible pointer type [-Wincompatible-pointer-types]
    DemoPrintTest(pFrames[dispCtrl.curFrame], dispCtrl.vMode.width, dispCtrl.vMode.height, DEMO_STRIDE, DEMO_PATTERN_0, pbox);
                                                                                                                        ^~~~
In file included from ../src/display_demo.c:26:
../src/display_demo.h:52:92: note: expected 'struct PBOX *' but argument is of type 'struct PBox *'
 void DemoPrintTest(u8 *frame, u32 width, u32 height, u32 stride, int pattern, struct PBOX *box);
                                                                               ~~~~~~~~~~~~~^~~
../src/display_demo.c:185:120: warning: passing argument 6 of 'DemoPrintTest' from incompatible pointer type [-Wincompatible-pointer-types]
    DemoPrintTest(pFrames[dispCtrl.curFrame], dispCtrl.vMode.width, dispCtrl.vMode.height, DEMO_STRIDE, DEMO_PATTERN_1, pbox);
                                                                                                                        ^~~~
In file included from ../src/display_demo.c:26:
../src/display_demo.h:52:92: note: expected 'struct PBOX *' but argument is of type 'struct PBox *'
 void DemoPrintTest(u8 *frame, u32 width, u32 height, u32 stride, int pattern, struct PBOX *box);
                                                                               ~~~~~~~~~~~~~^~~
../src/display_demo.c:200:120: warning: passing argument 6 of 'DemoPrintTest' from incompatible pointer type [-Wincompatible-pointer-types]
    DemoPrintTest(pFrames[dispCtrl.curFrame], dispCtrl.vMode.width, dispCtrl.vMode.height, DEMO_STRIDE, DEMO_PATTERN_2, pbox);
                                                                                                                        ^~~~
In file included from ../src/display_demo.c:26:
../src/display_demo.h:52:92: note: expected 'struct PBOX *' but argument is of type 'struct PBox *'
 void DemoPrintTest(u8 *frame, u32 width, u32 height, u32 stride, int pattern, struct PBOX *box);
                                                                               ~~~~~~~~~~~~~^~~
../src/display_demo.c: At top level:
../src/display_demo.c:349:6: error: conflicting types for 'DemoPrintTest'
 void DemoPrintTest(u8 *frame, u32 width, u32 height, u32 stride, int pattern, struct PBox box)
      ^~~~~~~~~~~~~
In file included from ../src/display_demo.c:26:
../src/display_demo.h:52:6: note: previous declaration of 'DemoPrintTest' was here
 void DemoPrintTest(u8 *frame, u32 width, u32 height, u32 stride, int pattern, struct PBOX *box);
      ^~~~~~~~~~~~~
../src/display_demo.c: In function 'DemoPrintTest':
../src/display_demo.c:527:16: error: 'pbox' undeclared (first use in this function); did you mean 'box'?
     if (xcoi > pbox->xpos && xcoi < pbox->xpos + pbox->size && ycoi > pbox->ypos && ycoi < pbox->ypos + pbox->size/4) {
                ^~~~
                box
make: *** [src/subdir.mk:23: src/display_demo.o] Error 1
00:36:35 **** Auto Build of configuration Debug for project hdmi_out ****
make pre-build main-build 
a9-linaro-pre-build-step
' '
'Building file: ../src/display_demo.c'
'Invoking: ARM v7 gcc compiler'
arm-none-eabi-gcc -Wall -O0 -g3 -c -fmessage-length=0 -MT"src/display_demo.o" -mcpu=cortex-a9 -mfpu=vfpv3 -mfloat-abi=hard -I../../hdmi_out_bsp/ps7_cortexa9_0/include -MMD -MP -MF"src/display_demo.d" -MT"src/display_demo.o" -o "src/display_demo.o" "../src/display_demo.c"
In file included from ../src/display_demo.c:26:
../src/display_demo.h:52:86: warning: 'struct PBOX' declared inside parameter list will not be visible outside of this definition or declaration
 void DemoPrintTest(u8 *frame, u32 width, u32 height, u32 stride, int pattern, struct PBOX *box);
                                                                                      ^~~~
../src/display_demo.c: In function 'DemoInitialize':
../src/display_demo.c:137:132: error: 'pbox' undeclared (first use in this function); did you mean 'pow'?
  DemoPrintTest(dispCtrl.framePtr[dispCtrl.curFrame], dispCtrl.vMode.width, dispCtrl.vMode.height, dispCtrl.stride, DEMO_PATTERN_1, pbox);
                                                                                                                                    ^~~~
                                                                                                                                    pow
../src/display_demo.c:137:132: note: each undeclared identifier is reported only once for each function it appears in
../src/display_demo.c: In function 'DemoRun':
../src/display_demo.c:182:120: error: 'pbox' undeclared (first use in this function); did you mean 'pow'?
    DemoPrintTest(pFrames[dispCtrl.curFrame], dispCtrl.vMode.width, dispCtrl.vMode.height, DEMO_STRIDE, DEMO_PATTERN_0, pbox);
                                                                                                                        ^~~~
                                                                                                                        pow
../src/display_demo.c: At top level:
../src/display_demo.c:349:6: error: conflicting types for 'DemoPrintTest'
 void DemoPrintTest(u8 *frame, u32 width, u32 height, u32 stride, int pattern, struct PBox box)
      ^~~~~~~~~~~~~
In file included from ../src/display_demo.c:26:
../src/display_demo.h:52:6: note: previous declaration of 'DemoPrintTest' was here
 void DemoPrintTest(u8 *frame, u32 width, u32 height, u32 stride, int pattern, struct PBOX *box);
      ^~~~~~~~~~~~~
../src/display_demo.c: In function 'DemoPrintTest':
../src/display_demo.c:527:16: error: 'pbox' undeclared (first use in this function); did you mean 'box'?
     if (xcoi > pbox->xpos && xcoi < pbox->xpos + pbox->size && ycoi > pbox->ypos && ycoi < pbox->ypos + pbox->size/4) {
                ^~~~
                box
make: *** [src/subdir.mk:23: src/display_demo.o] Error 1
00:42:24 **** Auto Build of configuration Debug for project hdmi_out ****
make pre-build main-build 
a9-linaro-pre-build-step
' '
'Building file: ../src/display_demo.c'
'Invoking: ARM v7 gcc compiler'
arm-none-eabi-gcc -Wall -O0 -g3 -c -fmessage-length=0 -MT"src/display_demo.o" -mcpu=cortex-a9 -mfpu=vfpv3 -mfloat-abi=hard -I../../hdmi_out_bsp/ps7_cortexa9_0/include -MMD -MP -MF"src/display_demo.d" -MT"src/display_demo.o" -o "src/display_demo.o" "../src/display_demo.c"
../src/display_demo.c: In function 'DemoInitialize':
../src/display_demo.c:137:132: error: 'pbox' undeclared (first use in this function); did you mean 'pow'?
  DemoPrintTest(dispCtrl.framePtr[dispCtrl.curFrame], dispCtrl.vMode.width, dispCtrl.vMode.height, dispCtrl.stride, DEMO_PATTERN_1, pbox);
                                                                                                                                    ^~~~
                                                                                                                                    pow
../src/display_demo.c:137:132: note: each undeclared identifier is reported only once for each function it appears in
../src/display_demo.c:137:2: error: too many arguments to function 'DemoPrintTest'
  DemoPrintTest(dispCtrl.framePtr[dispCtrl.curFrame], dispCtrl.vMode.width, dispCtrl.vMode.height, dispCtrl.stride, DEMO_PATTERN_1, pbox);
  ^~~~~~~~~~~~~
In file included from ../src/display_demo.c:26:
../src/display_demo.h:52:6: note: declared here
 void DemoPrintTest(u8 *frame, u32 width, u32 height, u32 stride, int pattern);
      ^~~~~~~~~~~~~
../src/display_demo.c: In function 'DemoRun':
../src/display_demo.c:182:120: error: 'pbox' undeclared (first use in this function); did you mean 'pow'?
    DemoPrintTest(pFrames[dispCtrl.curFrame], dispCtrl.vMode.width, dispCtrl.vMode.height, DEMO_STRIDE, DEMO_PATTERN_0, pbox);
                                                                                                                        ^~~~
                                                                                                                        pow
../src/display_demo.c:182:4: error: too many arguments to function 'DemoPrintTest'
    DemoPrintTest(pFrames[dispCtrl.curFrame], dispCtrl.vMode.width, dispCtrl.vMode.height, DEMO_STRIDE, DEMO_PATTERN_0, pbox);
    ^~~~~~~~~~~~~
In file included from ../src/display_demo.c:26:
../src/display_demo.h:52:6: note: declared here
 void DemoPrintTest(u8 *frame, u32 width, u32 height, u32 stride, int pattern);
      ^~~~~~~~~~~~~
../src/display_demo.c:185:4: error: too many arguments to function 'DemoPrintTest'
    DemoPrintTest(pFrames[dispCtrl.curFrame], dispCtrl.vMode.width, dispCtrl.vMode.height, DEMO_STRIDE, DEMO_PATTERN_1, pbox);
    ^~~~~~~~~~~~~
In file included from ../src/display_demo.c:26:
../src/display_demo.h:52:6: note: declared here
 void DemoPrintTest(u8 *frame, u32 width, u32 height, u32 stride, int pattern);
      ^~~~~~~~~~~~~
../src/display_demo.c:200:4: error: too many arguments to function 'DemoPrintTest'
    DemoPrintTest(pFrames[dispCtrl.curFrame], dispCtrl.vMode.width, dispCtrl.vMode.height, DEMO_STRIDE, DEMO_PATTERN_2, pbox);
    ^~~~~~~~~~~~~
In file included from ../src/display_demo.c:26:
../src/display_demo.h:52:6: note: declared here
 void DemoPrintTest(u8 *frame, u32 width, u32 height, u32 stride, int pattern);
      ^~~~~~~~~~~~~
../src/display_demo.c: At top level:
../src/display_demo.c:349:6: error: conflicting types for 'DemoPrintTest'
 void DemoPrintTest(u8 *frame, u32 width, u32 height, u32 stride, int pattern, struct PBox box)
      ^~~~~~~~~~~~~
In file included from ../src/display_demo.c:26:
../src/display_demo.h:52:6: note: previous declaration of 'DemoPrintTest' was here
 void DemoPrintTest(u8 *frame, u32 width, u32 height, u32 stride, int pattern);
      ^~~~~~~~~~~~~
../src/display_demo.c: In function 'DemoPrintTest':
../src/display_demo.c:527:16: error: 'pbox' undeclared (first use in this function); did you mean 'box'?
     if (xcoi > pbox->xpos && xcoi < pbox->xpos + pbox->size && ycoi > pbox->ypos && ycoi < pbox->ypos + pbox->size/4) {
                ^~~~
                box
make: *** [src/subdir.mk:23: src/display_demo.o] Error 1
00:42:29 **** Auto Build of configuration Debug for project hdmi_out ****
make pre-build main-build 
a9-linaro-pre-build-step
' '
'Building file: ../src/display_demo.c'
'Invoking: ARM v7 gcc compiler'
arm-none-eabi-gcc -Wall -O0 -g3 -c -fmessage-length=0 -MT"src/display_demo.o" -mcpu=cortex-a9 -mfpu=vfpv3 -mfloat-abi=hard -I../../hdmi_out_bsp/ps7_cortexa9_0/include -MMD -MP -MF"src/display_demo.d" -MT"src/display_demo.o" -o "src/display_demo.o" "../src/display_demo.c"
'Finished building: ../src/display_demo.c'
' '
'Building target: hdmi_out.elf'
'Invoking: ARM v7 gcc linker'
arm-none-eabi-gcc -mcpu=cortex-a9 -mfpu=vfpv3 -mfloat-abi=hard -Wl,-build-id=none -specs=Xilinx.spec -Wl,-T -Wl,../src/lscript.ld -L../../hdmi_out_bsp/ps7_cortexa9_0/lib -o "hdmi_out.elf"  ./src/timer_ps/timer_ps.o  ./src/dynclk/dynclk.o  ./src/display_ctrl/display_ctrl.o  ./src/display_demo.o   -Wl,--start-group,-lxil,-lgcc,-lc,--end-group
'Finished building target: hdmi_out.elf'
' '
'Invoking: ARM v7 Print Size'
arm-none-eabi-size hdmi_out.elf  |tee "hdmi_out.elf.size"
   text	   data	    bss	    dec	    hex	filename
  92720	   2728	24909408	25004856	17d8b38	hdmi_out.elf
'Finished building: hdmi_out.elf.size'
' '
00:43:22 **** Auto Build of configuration Debug for project hdmi_out ****
make pre-build main-build 
a9-linaro-pre-build-step
' '
'Building file: ../src/display_demo.c'
'Invoking: ARM v7 gcc compiler'
arm-none-eabi-gcc -Wall -O0 -g3 -c -fmessage-length=0 -MT"src/display_demo.o" -mcpu=cortex-a9 -mfpu=vfpv3 -mfloat-abi=hard -I../../hdmi_out_bsp/ps7_cortexa9_0/include -MMD -MP -MF"src/display_demo.d" -MT"src/display_demo.o" -o "src/display_demo.o" "../src/display_demo.c"
../src/display_demo.c: In function 'DemoRun':
../src/display_demo.c:150:8: error: incompatible types when assigning to type 'struct PBox' from type 'void *'
  *pbox =malloc(12);
        ^
make: *** [src/subdir.mk:23: src/display_demo.o] Error 1
00:43:48 **** Auto Build of configuration Debug for project hdmi_out ****
make pre-build main-build 
a9-linaro-pre-build-step
' '
'Building file: ../src/display_demo.c'
'Invoking: ARM v7 gcc compiler'
arm-none-eabi-gcc -Wall -O0 -g3 -c -fmessage-length=0 -MT"src/display_demo.o" -mcpu=cortex-a9 -mfpu=vfpv3 -mfloat-abi=hard -I../../hdmi_out_bsp/ps7_cortexa9_0/include -MMD -MP -MF"src/display_demo.d" -MT"src/display_demo.o" -o "src/display_demo.o" "../src/display_demo.c"
../src/display_demo.c: In function 'DemoRun':
../src/display_demo.c:150:18: error: expected '{' before '*' token
  *pbox = (struct *PBox) malloc(12);
                  ^
make: *** [src/subdir.mk:23: src/display_demo.o] Error 1
00:43:54 **** Auto Build of configuration Debug for project hdmi_out ****
make pre-build main-build 
a9-linaro-pre-build-step
' '
'Building file: ../src/display_demo.c'
'Invoking: ARM v7 gcc compiler'
arm-none-eabi-gcc -Wall -O0 -g3 -c -fmessage-length=0 -MT"src/display_demo.o" -mcpu=cortex-a9 -mfpu=vfpv3 -mfloat-abi=hard -I../../hdmi_out_bsp/ps7_cortexa9_0/include -MMD -MP -MF"src/display_demo.d" -MT"src/display_demo.o" -o "src/display_demo.o" "../src/display_demo.c"
../src/display_demo.c: In function 'DemoRun':
../src/display_demo.c:150:17: error: expected '{' before '*' token
  pbox = (struct *PBox) malloc(12);
                 ^
make: *** [src/subdir.mk:23: src/display_demo.o] Error 1
00:44:01 **** Auto Build of configuration Debug for project hdmi_out ****
make pre-build main-build 
a9-linaro-pre-build-step
' '
'Building file: ../src/display_demo.c'
'Invoking: ARM v7 gcc compiler'
arm-none-eabi-gcc -Wall -O0 -g3 -c -fmessage-length=0 -MT"src/display_demo.o" -mcpu=cortex-a9 -mfpu=vfpv3 -mfloat-abi=hard -I../../hdmi_out_bsp/ps7_cortexa9_0/include -MMD -MP -MF"src/display_demo.d" -MT"src/display_demo.o" -o "src/display_demo.o" "../src/display_demo.c"
'Finished building: ../src/display_demo.c'
' '
'Building target: hdmi_out.elf'
'Invoking: ARM v7 gcc linker'
arm-none-eabi-gcc -mcpu=cortex-a9 -mfpu=vfpv3 -mfloat-abi=hard -Wl,-build-id=none -specs=Xilinx.spec -Wl,-T -Wl,../src/lscript.ld -L../../hdmi_out_bsp/ps7_cortexa9_0/lib -o "hdmi_out.elf"  ./src/timer_ps/timer_ps.o  ./src/dynclk/dynclk.o  ./src/display_ctrl/display_ctrl.o  ./src/display_demo.o   -Wl,--start-group,-lxil,-lgcc,-lc,--end-group
'Finished building target: hdmi_out.elf'
' '
'Invoking: ARM v7 Print Size'
arm-none-eabi-size hdmi_out.elf  |tee "hdmi_out.elf.size"
   text	   data	    bss	    dec	    hex	filename
  92784	   2728	24909408	25004920	17d8b78	hdmi_out.elf
'Finished building: hdmi_out.elf.size'
' '
00:44:58 **** Incremental Build of configuration Debug for project hdmi_out ****
make pre-build main-build 
a9-linaro-pre-build-step
' '
make: Nothing to be done for 'main-build'.
00:48:18 **** Auto Build of configuration Debug for project hdmi_out ****
make pre-build main-build 
a9-linaro-pre-build-step
' '
'Building file: ../src/display_demo.c'
'Invoking: ARM v7 gcc compiler'
arm-none-eabi-gcc -Wall -O0 -g3 -c -fmessage-length=0 -MT"src/display_demo.o" -mcpu=cortex-a9 -mfpu=vfpv3 -mfloat-abi=hard -I../../hdmi_out_bsp/ps7_cortexa9_0/include -MMD -MP -MF"src/display_demo.d" -MT"src/display_demo.o" -o "src/display_demo.o" "../src/display_demo.c"
'Finished building: ../src/display_demo.c'
' '
'Building target: hdmi_out.elf'
'Invoking: ARM v7 gcc linker'
arm-none-eabi-gcc -mcpu=cortex-a9 -mfpu=vfpv3 -mfloat-abi=hard -Wl,-build-id=none -specs=Xilinx.spec -Wl,-T -Wl,../src/lscript.ld -L../../hdmi_out_bsp/ps7_cortexa9_0/lib -o "hdmi_out.elf"  ./src/timer_ps/timer_ps.o  ./src/dynclk/dynclk.o  ./src/display_ctrl/display_ctrl.o  ./src/display_demo.o   -Wl,--start-group,-lxil,-lgcc,-lc,--end-group
'Finished building target: hdmi_out.elf'
' '
'Invoking: ARM v7 Print Size'
arm-none-eabi-size hdmi_out.elf  |tee "hdmi_out.elf.size"
   text	   data	    bss	    dec	    hex	filename
  92784	   2728	24909408	25004920	17d8b78	hdmi_out.elf
'Finished building: hdmi_out.elf.size'
' '
00:49:16 **** Incremental Build of configuration Debug for project hdmi_out ****
make pre-build main-build 
a9-linaro-pre-build-step
' '
make: Nothing to be done for 'main-build'.
19:12:37 **** Auto Build of project hdmi_out_bsp ****
make -k all 
"Running Make include in ps7_cortexa9_0/libsrc/axivdma_v6_6/src"
make -C ps7_cortexa9_0/libsrc/axivdma_v6_6/src -s include  "SHELL=CMD" "COMPILER=arm-none-eabi-gcc" "ARCHIVER=arm-none-eabi-ar" "COMPILER_FLAGS=  -O2 -c" "EXTRA_COMPILER_FLAGS=-mcpu=cortex-a9 -mfpu=vfpv3 -mfloat-abi=hard -nostartfiles -g -Wall -Wextra"
"Running Make include in ps7_cortexa9_0/libsrc/coresightps_dcc_v1_5/src"
make -C ps7_cortexa9_0/libsrc/coresightps_dcc_v1_5/src -s include  "SHELL=CMD" "COMPILER=arm-none-eabi-gcc" "ARCHIVER=arm-none-eabi-ar" "COMPILER_FLAGS=  -O2 -c" "EXTRA_COMPILER_FLAGS=-mcpu=cortex-a9 -mfpu=vfpv3 -mfloat-abi=hard -nostartfiles -g -Wall -Wextra"
"Running Make include in ps7_cortexa9_0/libsrc/cpu_cortexa9_v2_7/src"
make -C ps7_cortexa9_0/libsrc/cpu_cortexa9_v2_7/src -s include  "SHELL=CMD" "COMPILER=arm-none-eabi-gcc" "ARCHIVER=arm-none-eabi-ar" "COMPILER_FLAGS=  -O2 -c" "EXTRA_COMPILER_FLAGS=-mcpu=cortex-a9 -mfpu=vfpv3 -mfloat-abi=hard -nostartfiles -g -Wall -Wextra"
"Running Make include in ps7_cortexa9_0/libsrc/ddrps_v1_0/src"
make -C ps7_cortexa9_0/libsrc/ddrps_v1_0/src -s include  "SHELL=CMD" "COMPILER=arm-none-eabi-gcc" "ARCHIVER=arm-none-eabi-ar" "COMPILER_FLAGS=  -O2 -c" "EXTRA_COMPILER_FLAGS=-mcpu=cortex-a9 -mfpu=vfpv3 -mfloat-abi=hard -nostartfiles -g -Wall -Wextra"
"Running Make include in ps7_cortexa9_0/libsrc/devcfg_v3_5/src"
make -C ps7_cortexa9_0/libsrc/devcfg_v3_5/src -s include  "SHELL=CMD" "COMPILER=arm-none-eabi-gcc" "ARCHIVER=arm-none-eabi-ar" "COMPILER_FLAGS=  -O2 -c" "EXTRA_COMPILER_FLAGS=-mcpu=cortex-a9 -mfpu=vfpv3 -mfloat-abi=hard -nostartfiles -g -Wall -Wextra"
"Running Make include in ps7_cortexa9_0/libsrc/dmaps_v2_4/src"
make -C ps7_cortexa9_0/libsrc/dmaps_v2_4/src -s include  "SHELL=CMD" "COMPILER=arm-none-eabi-gcc" "ARCHIVER=arm-none-eabi-ar" "COMPILER_FLAGS=  -O2 -c" "EXTRA_COMPILER_FLAGS=-mcpu=cortex-a9 -mfpu=vfpv3 -mfloat-abi=hard -nostartfiles -g -Wall -Wextra"
"Running Make include in ps7_cortexa9_0/libsrc/emacps_v3_9/src"
make -C ps7_cortexa9_0/libsrc/emacps_v3_9/src -s include  "SHELL=CMD" "COMPILER=arm-none-eabi-gcc" "ARCHIVER=arm-none-eabi-ar" "COMPILER_FLAGS=  -O2 -c" "EXTRA_COMPILER_FLAGS=-mcpu=cortex-a9 -mfpu=vfpv3 -mfloat-abi=hard -nostartfiles -g -Wall -Wextra"
"Running Make include in ps7_cortexa9_0/libsrc/gpiops_v3_5/src"
make -C ps7_cortexa9_0/libsrc/gpiops_v3_5/src -s include  "SHELL=CMD" "COMPILER=arm-none-eabi-gcc" "ARCHIVER=arm-none-eabi-ar" "COMPILER_FLAGS=  -O2 -c" "EXTRA_COMPILER_FLAGS=-mcpu=cortex-a9 -mfpu=vfpv3 -mfloat-abi=hard -nostartfiles -g -Wall -Wextra"
"Running Make include in ps7_cortexa9_0/libsrc/gpio_v4_4/src"
make -C ps7_cortexa9_0/libsrc/gpio_v4_4/src -s include  "SHELL=CMD" "COMPILER=arm-none-eabi-gcc" "ARCHIVER=arm-none-eabi-ar" "COMPILER_FLAGS=  -O2 -c" "EXTRA_COMPILER_FLAGS=-mcpu=cortex-a9 -mfpu=vfpv3 -mfloat-abi=hard -nostartfiles -g -Wall -Wextra"
"Running Make include in ps7_cortexa9_0/libsrc/iicps_v3_9/src"
make -C ps7_cortexa9_0/libsrc/iicps_v3_9/src -s include  "SHELL=CMD" "COMPILER=arm-none-eabi-gcc" "ARCHIVER=arm-none-eabi-ar" "COMPILER_FLAGS=  -O2 -c" "EXTRA_COMPILER_FLAGS=-mcpu=cortex-a9 -mfpu=vfpv3 -mfloat-abi=hard -nostartfiles -g -Wall -Wextra"
"Running Make include in ps7_cortexa9_0/libsrc/qspips_v3_6/src"
make -C ps7_cortexa9_0/libsrc/qspips_v3_6/src -s include  "SHELL=CMD" "COMPILER=arm-none-eabi-gcc" "ARCHIVER=arm-none-eabi-ar" "COMPILER_FLAGS=  -O2 -c" "EXTRA_COMPILER_FLAGS=-mcpu=cortex-a9 -mfpu=vfpv3 -mfloat-abi=hard -nostartfiles -g -Wall -Wextra"
"Running Make include in ps7_cortexa9_0/libsrc/scugic_v4_0/src"
make -C ps7_cortexa9_0/libsrc/scugic_v4_0/src -s include  "SHELL=CMD" "COMPILER=arm-none-eabi-gcc" "ARCHIVER=arm-none-eabi-ar" "COMPILER_FLAGS=  -O2 -c" "EXTRA_COMPILER_FLAGS=-mcpu=cortex-a9 -mfpu=vfpv3 -mfloat-abi=hard -nostartfiles -g -Wall -Wextra"
"Running Make include in ps7_cortexa9_0/libsrc/scutimer_v2_1/src"
make -C ps7_cortexa9_0/libsrc/scutimer_v2_1/src -s include  "SHELL=CMD" "COMPILER=arm-none-eabi-gcc" "ARCHIVER=arm-none-eabi-ar" "COMPILER_FLAGS=  -O2 -c" "EXTRA_COMPILER_FLAGS=-mcpu=cortex-a9 -mfpu=vfpv3 -mfloat-abi=hard -nostartfiles -g -Wall -Wextra"
"Running Make include in ps7_cortexa9_0/libsrc/scuwdt_v2_1/src"
make -C ps7_cortexa9_0/libsrc/scuwdt_v2_1/src -s include  "SHELL=CMD" "COMPILER=arm-none-eabi-gcc" "ARCHIVER=arm-none-eabi-ar" "COMPILER_FLAGS=  -O2 -c" "EXTRA_COMPILER_FLAGS=-mcpu=cortex-a9 -mfpu=vfpv3 -mfloat-abi=hard -nostartfiles -g -Wall -Wextra"
"Running Make include in ps7_cortexa9_0/libsrc/sdps_v3_7/src"
make -C ps7_cortexa9_0/libsrc/sdps_v3_7/src -s include  "SHELL=CMD" "COMPILER=arm-none-eabi-gcc" "ARCHIVER=arm-none-eabi-ar" "COMPILER_FLAGS=  -O2 -c" "EXTRA_COMPILER_FLAGS=-mcpu=cortex-a9 -mfpu=vfpv3 -mfloat-abi=hard -nostartfiles -g -Wall -Wextra"
"Running Make include in ps7_cortexa9_0/libsrc/standalone_v7_0/src"
make -C ps7_cortexa9_0/libsrc/standalone_v7_0/src -s include  "SHELL=CMD" "COMPILER=arm-none-eabi-gcc" "ARCHIVER=arm-none-eabi-ar" "COMPILER_FLAGS=  -O2 -c" "EXTRA_COMPILER_FLAGS=-mcpu=cortex-a9 -mfpu=vfpv3 -mfloat-abi=hard -nostartfiles -g -Wall -Wextra"
"Running Make include in ps7_cortexa9_0/libsrc/ttcps_v3_9/src"
make -C ps7_cortexa9_0/libsrc/ttcps_v3_9/src -s include  "SHELL=CMD" "COMPILER=arm-none-eabi-gcc" "ARCHIVER=arm-none-eabi-ar" "COMPILER_FLAGS=  -O2 -c" "EXTRA_COMPILER_FLAGS=-mcpu=cortex-a9 -mfpu=vfpv3 -mfloat-abi=hard -nostartfiles -g -Wall -Wextra"
"Running Make include in ps7_cortexa9_0/libsrc/uartps_v3_7/src"
make -C ps7_cortexa9_0/libsrc/uartps_v3_7/src -s include  "SHELL=CMD" "COMPILER=arm-none-eabi-gcc" "ARCHIVER=arm-none-eabi-ar" "COMPILER_FLAGS=  -O2 -c" "EXTRA_COMPILER_FLAGS=-mcpu=cortex-a9 -mfpu=vfpv3 -mfloat-abi=hard -nostartfiles -g -Wall -Wextra"
"Running Make include in ps7_cortexa9_0/libsrc/usbps_v2_4/src"
make -C ps7_cortexa9_0/libsrc/usbps_v2_4/src -s include  "SHELL=CMD" "COMPILER=arm-none-eabi-gcc" "ARCHIVER=arm-none-eabi-ar" "COMPILER_FLAGS=  -O2 -c" "EXTRA_COMPILER_FLAGS=-mcpu=cortex-a9 -mfpu=vfpv3 -mfloat-abi=hard -nostartfiles -g -Wall -Wextra"
"Running Make include in ps7_cortexa9_0/libsrc/vtc_v8_0/src"
make -C ps7_cortexa9_0/libsrc/vtc_v8_0/src -s include  "SHELL=CMD" "COMPILER=arm-none-eabi-gcc" "ARCHIVER=arm-none-eabi-ar" "COMPILER_FLAGS=  -O2 -c" "EXTRA_COMPILER_FLAGS=-mcpu=cortex-a9 -mfpu=vfpv3 -mfloat-abi=hard -nostartfiles -g -Wall -Wextra"
"Running Make include in ps7_cortexa9_0/libsrc/xadcps_v2_3/src"
make -C ps7_cortexa9_0/libsrc/xadcps_v2_3/src -s include  "SHELL=CMD" "COMPILER=arm-none-eabi-gcc" "ARCHIVER=arm-none-eabi-ar" "COMPILER_FLAGS=  -O2 -c" "EXTRA_COMPILER_FLAGS=-mcpu=cortex-a9 -mfpu=vfpv3 -mfloat-abi=hard -nostartfiles -g -Wall -Wextra"
"Running Make libs in ps7_cortexa9_0/libsrc/axivdma_v6_6/src"
make -C ps7_cortexa9_0/libsrc/axivdma_v6_6/src -s libs  "SHELL=CMD" "COMPILER=arm-none-eabi-gcc" "ARCHIVER=arm-none-eabi-ar" "COMPILER_FLAGS=  -O2 -c" "EXTRA_COMPILER_FLAGS=-mcpu=cortex-a9 -mfpu=vfpv3 -mfloat-abi=hard -nostartfiles -g -Wall -Wextra"
"Compiling axivdma"
arm-none-eabi-ar: creating ../../../lib/libxil.a
"Running Make libs in ps7_cortexa9_0/libsrc/coresightps_dcc_v1_5/src"
make -C ps7_cortexa9_0/libsrc/coresightps_dcc_v1_5/src -s libs  "SHELL=CMD" "COMPILER=arm-none-eabi-gcc" "ARCHIVER=arm-none-eabi-ar" "COMPILER_FLAGS=  -O2 -c" "EXTRA_COMPILER_FLAGS=-mcpu=cortex-a9 -mfpu=vfpv3 -mfloat-abi=hard -nostartfiles -g -Wall -Wextra"
"Compiling coresightps_dcc"
"Running Make libs in ps7_cortexa9_0/libsrc/cpu_cortexa9_v2_7/src"
make -C ps7_cortexa9_0/libsrc/cpu_cortexa9_v2_7/src -s libs  "SHELL=CMD" "COMPILER=arm-none-eabi-gcc" "ARCHIVER=arm-none-eabi-ar" "COMPILER_FLAGS=  -O2 -c" "EXTRA_COMPILER_FLAGS=-mcpu=cortex-a9 -mfpu=vfpv3 -mfloat-abi=hard -nostartfiles -g -Wall -Wextra"
"Compiling cpu_cortexa9"
"Running Make libs in ps7_cortexa9_0/libsrc/ddrps_v1_0/src"
make -C ps7_cortexa9_0/libsrc/ddrps_v1_0/src -s libs  "SHELL=CMD" "COMPILER=arm-none-eabi-gcc" "ARCHIVER=arm-none-eabi-ar" "COMPILER_FLAGS=  -O2 -c" "EXTRA_COMPILER_FLAGS=-mcpu=cortex-a9 -mfpu=vfpv3 -mfloat-abi=hard -nostartfiles -g -Wall -Wextra"
"Compiling ddrps"
"Running Make libs in ps7_cortexa9_0/libsrc/devcfg_v3_5/src"
make -C ps7_cortexa9_0/libsrc/devcfg_v3_5/src -s libs  "SHELL=CMD" "COMPILER=arm-none-eabi-gcc" "ARCHIVER=arm-none-eabi-ar" "COMPILER_FLAGS=  -O2 -c" "EXTRA_COMPILER_FLAGS=-mcpu=cortex-a9 -mfpu=vfpv3 -mfloat-abi=hard -nostartfiles -g -Wall -Wextra"
"Compiling devcfg"
"Running Make libs in ps7_cortexa9_0/libsrc/dmaps_v2_4/src"
make -C ps7_cortexa9_0/libsrc/dmaps_v2_4/src -s libs  "SHELL=CMD" "COMPILER=arm-none-eabi-gcc" "ARCHIVER=arm-none-eabi-ar" "COMPILER_FLAGS=  -O2 -c" "EXTRA_COMPILER_FLAGS=-mcpu=cortex-a9 -mfpu=vfpv3 -mfloat-abi=hard -nostartfiles -g -Wall -Wextra"
"Compiling dmaps"
"Running Make libs in ps7_cortexa9_0/libsrc/emacps_v3_9/src"
make -C ps7_cortexa9_0/libsrc/emacps_v3_9/src -s libs  "SHELL=CMD" "COMPILER=arm-none-eabi-gcc" "ARCHIVER=arm-none-eabi-ar" "COMPILER_FLAGS=  -O2 -c" "EXTRA_COMPILER_FLAGS=-mcpu=cortex-a9 -mfpu=vfpv3 -mfloat-abi=hard -nostartfiles -g -Wall -Wextra"
"Compiling emacps"
"Running Make libs in ps7_cortexa9_0/libsrc/gpiops_v3_5/src"
make -C ps7_cortexa9_0/libsrc/gpiops_v3_5/src -s libs  "SHELL=CMD" "COMPILER=arm-none-eabi-gcc" "ARCHIVER=arm-none-eabi-ar" "COMPILER_FLAGS=  -O2 -c" "EXTRA_COMPILER_FLAGS=-mcpu=cortex-a9 -mfpu=vfpv3 -mfloat-abi=hard -nostartfiles -g -Wall -Wextra"
"Compiling gpiops"
"Running Make libs in ps7_cortexa9_0/libsrc/gpio_v4_4/src"
make -C ps7_cortexa9_0/libsrc/gpio_v4_4/src -s libs  "SHELL=CMD" "COMPILER=arm-none-eabi-gcc" "ARCHIVER=arm-none-eabi-ar" "COMPILER_FLAGS=  -O2 -c" "EXTRA_COMPILER_FLAGS=-mcpu=cortex-a9 -mfpu=vfpv3 -mfloat-abi=hard -nostartfiles -g -Wall -Wextra"
"Compiling gpio"
"Running Make libs in ps7_cortexa9_0/libsrc/iicps_v3_9/src"
make -C ps7_cortexa9_0/libsrc/iicps_v3_9/src -s libs  "SHELL=CMD" "COMPILER=arm-none-eabi-gcc" "ARCHIVER=arm-none-eabi-ar" "COMPILER_FLAGS=  -O2 -c" "EXTRA_COMPILER_FLAGS=-mcpu=cortex-a9 -mfpu=vfpv3 -mfloat-abi=hard -nostartfiles -g -Wall -Wextra"
"Compiling iicps"
"Running Make libs in ps7_cortexa9_0/libsrc/qspips_v3_6/src"
make -C ps7_cortexa9_0/libsrc/qspips_v3_6/src -s libs  "SHELL=CMD" "COMPILER=arm-none-eabi-gcc" "ARCHIVER=arm-none-eabi-ar" "COMPILER_FLAGS=  -O2 -c" "EXTRA_COMPILER_FLAGS=-mcpu=cortex-a9 -mfpu=vfpv3 -mfloat-abi=hard -nostartfiles -g -Wall -Wextra"
"Compiling qspips"
"Running Make libs in ps7_cortexa9_0/libsrc/scugic_v4_0/src"
make -C ps7_cortexa9_0/libsrc/scugic_v4_0/src -s libs  "SHELL=CMD" "COMPILER=arm-none-eabi-gcc" "ARCHIVER=arm-none-eabi-ar" "COMPILER_FLAGS=  -O2 -c" "EXTRA_COMPILER_FLAGS=-mcpu=cortex-a9 -mfpu=vfpv3 -mfloat-abi=hard -nostartfiles -g -Wall -Wextra"
"Compiling scugic"
"Running Make libs in ps7_cortexa9_0/libsrc/scutimer_v2_1/src"
make -C ps7_cortexa9_0/libsrc/scutimer_v2_1/src -s libs  "SHELL=CMD" "COMPILER=arm-none-eabi-gcc" "ARCHIVER=arm-none-eabi-ar" "COMPILER_FLAGS=  -O2 -c" "EXTRA_COMPILER_FLAGS=-mcpu=cortex-a9 -mfpu=vfpv3 -mfloat-abi=hard -nostartfiles -g -Wall -Wextra"
"Compiling scutimer"
"Running Make libs in ps7_cortexa9_0/libsrc/scuwdt_v2_1/src"
make -C ps7_cortexa9_0/libsrc/scuwdt_v2_1/src -s libs  "SHELL=CMD" "COMPILER=arm-none-eabi-gcc" "ARCHIVER=arm-none-eabi-ar" "COMPILER_FLAGS=  -O2 -c" "EXTRA_COMPILER_FLAGS=-mcpu=cortex-a9 -mfpu=vfpv3 -mfloat-abi=hard -nostartfiles -g -Wall -Wextra"
"Compiling scuwdt"
"Running Make libs in ps7_cortexa9_0/libsrc/sdps_v3_7/src"
make -C ps7_cortexa9_0/libsrc/sdps_v3_7/src -s libs  "SHELL=CMD" "COMPILER=arm-none-eabi-gcc" "ARCHIVER=arm-none-eabi-ar" "COMPILER_FLAGS=  -O2 -c" "EXTRA_COMPILER_FLAGS=-mcpu=cortex-a9 -mfpu=vfpv3 -mfloat-abi=hard -nostartfiles -g -Wall -Wextra"
"Compiling sdps"
"Running Make libs in ps7_cortexa9_0/libsrc/standalone_v7_0/src"
make -C ps7_cortexa9_0/libsrc/standalone_v7_0/src -s libs  "SHELL=CMD" "COMPILER=arm-none-eabi-gcc" "ARCHIVER=arm-none-eabi-ar" "COMPILER_FLAGS=  -O2 -c" "EXTRA_COMPILER_FLAGS=-mcpu=cortex-a9 -mfpu=vfpv3 -mfloat-abi=hard -nostartfiles -g -Wall -Wextra"
"Compiling standalone"
In file included from usleep.c:56:
xtime_l.h:87:9: note: #pragma message: For the sleep routines, Global timer is being used
 #pragma message ("For the sleep routines, Global timer is being used")
         ^~~~~~~
In file included from xil_sleeptimer.c:51:
xtime_l.h:87:9: note: #pragma message: For the sleep routines, Global timer is being used
 #pragma message ("For the sleep routines, Global timer is being used")
         ^~~~~~~
In file included from xtime_l.c:49:
xtime_l.h:87:9: note: #pragma message: For the sleep routines, Global timer is being used
 #pragma message ("For the sleep routines, Global timer is being used")
         ^~~~~~~
In file included from sleep.c:53:
xtime_l.h:87:9: note: #pragma message: For the sleep routines, Global timer is being used
 #pragma message ("For the sleep routines, Global timer is being used")
         ^~~~~~~
"Running Make libs in ps7_cortexa9_0/libsrc/ttcps_v3_9/src"
make -C ps7_cortexa9_0/libsrc/ttcps_v3_9/src -s libs  "SHELL=CMD" "COMPILER=arm-none-eabi-gcc" "ARCHIVER=arm-none-eabi-ar" "COMPILER_FLAGS=  -O2 -c" "EXTRA_COMPILER_FLAGS=-mcpu=cortex-a9 -mfpu=vfpv3 -mfloat-abi=hard -nostartfiles -g -Wall -Wextra"
"Compiling ttcps"
"Running Make libs in ps7_cortexa9_0/libsrc/uartps_v3_7/src"
make -C ps7_cortexa9_0/libsrc/uartps_v3_7/src -s libs  "SHELL=CMD" "COMPILER=arm-none-eabi-gcc" "ARCHIVER=arm-none-eabi-ar" "COMPILER_FLAGS=  -O2 -c" "EXTRA_COMPILER_FLAGS=-mcpu=cortex-a9 -mfpu=vfpv3 -mfloat-abi=hard -nostartfiles -g -Wall -Wextra"
"Compiling uartps"
"Running Make libs in ps7_cortexa9_0/libsrc/usbps_v2_4/src"
make -C ps7_cortexa9_0/libsrc/usbps_v2_4/src -s libs  "SHELL=CMD" "COMPILER=arm-none-eabi-gcc" "ARCHIVER=arm-none-eabi-ar" "COMPILER_FLAGS=  -O2 -c" "EXTRA_COMPILER_FLAGS=-mcpu=cortex-a9 -mfpu=vfpv3 -mfloat-abi=hard -nostartfiles -g -Wall -Wextra"
"Compiling usbps"
"Running Make libs in ps7_cortexa9_0/libsrc/vtc_v8_0/src"
make -C ps7_cortexa9_0/libsrc/vtc_v8_0/src -s libs  "SHELL=CMD" "COMPILER=arm-none-eabi-gcc" "ARCHIVER=arm-none-eabi-ar" "COMPILER_FLAGS=  -O2 -c" "EXTRA_COMPILER_FLAGS=-mcpu=cortex-a9 -mfpu=vfpv3 -mfloat-abi=hard -nostartfiles -g -Wall -Wextra"
"Compiling video timing controller"
"Running Make libs in ps7_cortexa9_0/libsrc/xadcps_v2_3/src"
make -C ps7_cortexa9_0/libsrc/xadcps_v2_3/src -s libs  "SHELL=CMD" "COMPILER=arm-none-eabi-gcc" "ARCHIVER=arm-none-eabi-ar" "COMPILER_FLAGS=  -O2 -c" "EXTRA_COMPILER_FLAGS=-mcpu=cortex-a9 -mfpu=vfpv3 -mfloat-abi=hard -nostartfiles -g -Wall -Wextra"
"Compiling xadcps"
'Finished building libraries'
19:13:39 **** Build of project hdmi_out_bsp ****
make -k all 
"Running Make include in ps7_cortexa9_0/libsrc/axivdma_v6_6/src"
make -C ps7_cortexa9_0/libsrc/axivdma_v6_6/src -s include  "SHELL=CMD" "COMPILER=arm-none-eabi-gcc" "ARCHIVER=arm-none-eabi-ar" "COMPILER_FLAGS=  -O2 -c" "EXTRA_COMPILER_FLAGS=-mcpu=cortex-a9 -mfpu=vfpv3 -mfloat-abi=hard -nostartfiles -g -Wall -Wextra"
"Running Make include in ps7_cortexa9_0/libsrc/coresightps_dcc_v1_5/src"
make -C ps7_cortexa9_0/libsrc/coresightps_dcc_v1_5/src -s include  "SHELL=CMD" "COMPILER=arm-none-eabi-gcc" "ARCHIVER=arm-none-eabi-ar" "COMPILER_FLAGS=  -O2 -c" "EXTRA_COMPILER_FLAGS=-mcpu=cortex-a9 -mfpu=vfpv3 -mfloat-abi=hard -nostartfiles -g -Wall -Wextra"
"Running Make include in ps7_cortexa9_0/libsrc/cpu_cortexa9_v2_7/src"
make -C ps7_cortexa9_0/libsrc/cpu_cortexa9_v2_7/src -s include  "SHELL=CMD" "COMPILER=arm-none-eabi-gcc" "ARCHIVER=arm-none-eabi-ar" "COMPILER_FLAGS=  -O2 -c" "EXTRA_COMPILER_FLAGS=-mcpu=cortex-a9 -mfpu=vfpv3 -mfloat-abi=hard -nostartfiles -g -Wall -Wextra"
"Running Make include in ps7_cortexa9_0/libsrc/ddrps_v1_0/src"
make -C ps7_cortexa9_0/libsrc/ddrps_v1_0/src -s include  "SHELL=CMD" "COMPILER=arm-none-eabi-gcc" "ARCHIVER=arm-none-eabi-ar" "COMPILER_FLAGS=  -O2 -c" "EXTRA_COMPILER_FLAGS=-mcpu=cortex-a9 -mfpu=vfpv3 -mfloat-abi=hard -nostartfiles -g -Wall -Wextra"
"Running Make include in ps7_cortexa9_0/libsrc/devcfg_v3_5/src"
[...]
a9-linaro-pre-build-step
' '
make: Nothing to be done for 'main-build'.
22:32:31 **** Auto Build of configuration Debug for project hdmi_out ****
make pre-build main-build 
a9-linaro-pre-build-step
' '
'Building file: ../src/display_demo.c'
'Invoking: ARM v7 gcc compiler'
arm-none-eabi-gcc -Wall -O0 -g3 -c -fmessage-length=0 -MT"src/display_demo.o" -mcpu=cortex-a9 -mfpu=vfpv3 -mfloat-abi=hard -I../../hdmi_out_bsp/ps7_cortexa9_0/include -MMD -MP -MF"src/display_demo.d" -MT"src/display_demo.o" -o "src/display_demo.o" "../src/display_demo.c"
../src/display_demo.c: In function 'DemoInitialize':
../src/display_demo.c:188:31: warning: passing argument 2 of 'XTmrCtr_SetHandler' from incompatible pointer type [-Wincompatible-pointer-types]
  XTmrCtr_SetHandler(&TMRInst, TMR_Intr_Handler, &TMRInst);
                               ^~~~~~~~~~~~~~~~
In file included from ../src/display_demo.c:40:
../../hdmi_out_bsp/ps7_cortexa9_0/include/xtmrctr.h:317:64: note: expected 'XTmrCtr_Handler' {aka 'void (*)(void *, unsigned char)'} but argument is of type 'void (*)(void *)'
 void XTmrCtr_SetHandler(XTmrCtr * InstancePtr, XTmrCtr_Handler FuncPtr,
                                                ~~~~~~~~~~~~~~~~^~~~~~~
'Finished building: ../src/display_demo.c'
' '
'Building target: hdmi_out.elf'
'Invoking: ARM v7 gcc linker'
arm-none-eabi-gcc -mcpu=cortex-a9 -mfpu=vfpv3 -mfloat-abi=hard -Wl,-build-id=none -specs=Xilinx.spec -Wl,-T -Wl,../src/lscript.ld -L../../hdmi_out_bsp/ps7_cortexa9_0/lib -o "hdmi_out.elf"  ./src/timer_ps/timer_ps.o  ./src/dynclk/dynclk.o  ./src/display_ctrl/display_ctrl.o  ./src/display_demo.o   -Wl,--start-group,-lxil,-lgcc,-lc,--end-group
'Finished building target: hdmi_out.elf'
' '
'Invoking: ARM v7 Print Size'
arm-none-eabi-size hdmi_out.elf  |tee "hdmi_out.elf.size"
   text	   data	    bss	    dec	    hex	filename
 103244	   3584	24909504	25016332	17db80c	hdmi_out.elf
'Finished building: hdmi_out.elf.size'
' '
22:32:54 **** Incremental Build of configuration Debug for project hdmi_out ****
make pre-build main-build 
a9-linaro-pre-build-step
' '
make: Nothing to be done for 'main-build'.
22:34:02 **** Auto Build of configuration Debug for project hdmi_out ****
make pre-build main-build 
a9-linaro-pre-build-step
' '
'Building file: ../src/display_demo.c'
'Invoking: ARM v7 gcc compiler'
arm-none-eabi-gcc -Wall -O0 -g3 -c -fmessage-length=0 -MT"src/display_demo.o" -mcpu=cortex-a9 -mfpu=vfpv3 -mfloat-abi=hard -I../../hdmi_out_bsp/ps7_cortexa9_0/include -MMD -MP -MF"src/display_demo.d" -MT"src/display_demo.o" -o "src/display_demo.o" "../src/display_demo.c"
../src/display_demo.c: In function 'DemoInitialize':
../src/display_demo.c:188:31: warning: passing argument 2 of 'XTmrCtr_SetHandler' from incompatible pointer type [-Wincompatible-pointer-types]
  XTmrCtr_SetHandler(&TMRInst, TMR_Intr_Handler, &TMRInst);
                               ^~~~~~~~~~~~~~~~
In file included from ../src/display_demo.c:40:
../../hdmi_out_bsp/ps7_cortexa9_0/include/xtmrctr.h:317:64: note: expected 'XTmrCtr_Handler' {aka 'void (*)(void *, unsigned char)'} but argument is of type 'void (*)(void *)'
 void XTmrCtr_SetHandler(XTmrCtr * InstancePtr, XTmrCtr_Handler FuncPtr,
                                                ~~~~~~~~~~~~~~~~^~~~~~~
'Finished building: ../src/display_demo.c'
' '
'Building target: hdmi_out.elf'
'Invoking: ARM v7 gcc linker'
arm-none-eabi-gcc -mcpu=cortex-a9 -mfpu=vfpv3 -mfloat-abi=hard -Wl,-build-id=none -specs=Xilinx.spec -Wl,-T -Wl,../src/lscript.ld -L../../hdmi_out_bsp/ps7_cortexa9_0/lib -o "hdmi_out.elf"  ./src/timer_ps/timer_ps.o  ./src/dynclk/dynclk.o  ./src/display_ctrl/display_ctrl.o  ./src/display_demo.o   -Wl,--start-group,-lxil,-lgcc,-lc,--end-group
'Finished building target: hdmi_out.elf'
' '
'Invoking: ARM v7 Print Size'
arm-none-eabi-size hdmi_out.elf  |tee "hdmi_out.elf.size"
   text	   data	    bss	    dec	    hex	filename
 103244	   3584	24909504	25016332	17db80c	hdmi_out.elf
'Finished building: hdmi_out.elf.size'
' '
22:34:27 **** Incremental Build of configuration Debug for project hdmi_out ****
make pre-build main-build 
a9-linaro-pre-build-step
' '
make: Nothing to be done for 'main-build'.
22:35:26 **** Incremental Build of configuration Debug for project hdmi_out ****
make pre-build main-build 
a9-linaro-pre-build-step
' '
make: Nothing to be done for 'main-build'.
22:42:48 **** Auto Build of configuration Debug for project hdmi_out ****
make pre-build main-build 
a9-linaro-pre-build-step
' '
'Building file: ../src/display_demo.c'
'Invoking: ARM v7 gcc compiler'
arm-none-eabi-gcc -Wall -O0 -g3 -c -fmessage-length=0 -MT"src/display_demo.o" -mcpu=cortex-a9 -mfpu=vfpv3 -mfloat-abi=hard -I../../hdmi_out_bsp/ps7_cortexa9_0/include -MMD -MP -MF"src/display_demo.d" -MT"src/display_demo.o" -o "src/display_demo.o" "../src/display_demo.c"
../src/display_demo.c: In function 'DemoInitialize':
../src/display_demo.c:188:31: warning: passing argument 2 of 'XTmrCtr_SetHandler' from incompatible pointer type [-Wincompatible-pointer-types]
  XTmrCtr_SetHandler(&TMRInst, TMR_Intr_Handler, &TMRInst);
                               ^~~~~~~~~~~~~~~~
In file included from ../src/display_demo.c:40:
../../hdmi_out_bsp/ps7_cortexa9_0/include/xtmrctr.h:317:64: note: expected 'XTmrCtr_Handler' {aka 'void (*)(void *, unsigned char)'} but argument is of type 'void (*)(void *)'
 void XTmrCtr_SetHandler(XTmrCtr * InstancePtr, XTmrCtr_Handler FuncPtr,
                                                ~~~~~~~~~~~~~~~~^~~~~~~
../src/display_demo.c: In function 'DemoRun':
../src/display_demo.c:201:6: warning: unused variable 'nextFrame' [-Wunused-variable]
  int nextFrame = 0;
      ^~~~~~~~~
../src/display_demo.c: At top level:
../src/display_demo.c:274:2: warning: data definition has no type or storage class
  free(pbox);
  ^~~~
../src/display_demo.c:274:2: warning: type defaults to 'int' in declaration of 'free' [-Wimplicit-int]
../src/display_demo.c:274:2: warning: parameter names (without types) in function declaration
../src/display_demo.c:274:2: error: conflicting types for 'free'
In file included from ../src/display_demo.c:32:
d:\xilinx\sdk\2019.1\gnu\aarch32\nt\gcc-arm-none-eabi\arm-none-eabi\libc\usr\include\stdlib.h:93:6: note: previous declaration of 'free' was here
 void free (void *) _NOTHROW;
      ^~~~
../src/display_demo.c:275:2: error: expected identifier or '(' before 'return'
  return;
  ^~~~~~
../src/display_demo.c:276:1: error: expected identifier or '(' before '}' token
 }
 ^
make: *** [src/subdir.mk:23: src/display_demo.o] Error 1
22:43:32 **** Auto Build of configuration Debug for project hdmi_out ****
make pre-build main-build 
a9-linaro-pre-build-step
' '
'Building file: ../src/display_demo.c'
'Invoking: ARM v7 gcc compiler'
arm-none-eabi-gcc -Wall -O0 -g3 -c -fmessage-length=0 -MT"src/display_demo.o" -mcpu=cortex-a9 -mfpu=vfpv3 -mfloat-abi=hard -I../../hdmi_out_bsp/ps7_cortexa9_0/include -MMD -MP -MF"src/display_demo.d" -MT"src/display_demo.o" -o "src/display_demo.o" "../src/display_demo.c"
../src/display_demo.c: In function 'DemoInitialize':
../src/display_demo.c:188:31: warning: passing argument 2 of 'XTmrCtr_SetHandler' from incompatible pointer type [-Wincompatible-pointer-types]
  XTmrCtr_SetHandler(&TMRInst, TMR_Intr_Handler, &TMRInst);
                               ^~~~~~~~~~~~~~~~
In file included from ../src/display_demo.c:40:
../../hdmi_out_bsp/ps7_cortexa9_0/include/xtmrctr.h:317:64: note: expected 'XTmrCtr_Handler' {aka 'void (*)(void *, unsigned char)'} but argument is of type 'void (*)(void *)'
 void XTmrCtr_SetHandler(XTmrCtr * InstancePtr, XTmrCtr_Handler FuncPtr,
                                                ~~~~~~~~~~~~~~~~^~~~~~~
../src/display_demo.c: In function 'DemoRun':
../src/display_demo.c:201:6: warning: unused variable 'nextFrame' [-Wunused-variable]
  int nextFrame = 0;
      ^~~~~~~~~
'Finished building: ../src/display_demo.c'
' '
'Building target: hdmi_out.elf'
'Invoking: ARM v7 gcc linker'
arm-none-eabi-gcc -mcpu=cortex-a9 -mfpu=vfpv3 -mfloat-abi=hard -Wl,-build-id=none -specs=Xilinx.spec -Wl,-T -Wl,../src/lscript.ld -L../../hdmi_out_bsp/ps7_cortexa9_0/lib -o "hdmi_out.elf"  ./src/timer_ps/timer_ps.o  ./src/dynclk/dynclk.o  ./src/display_ctrl/display_ctrl.o  ./src/display_demo.o   -Wl,--start-group,-lxil,-lgcc,-lc,--end-group
'Finished building target: hdmi_out.elf'
' '
'Invoking: ARM v7 Print Size'
arm-none-eabi-size hdmi_out.elf  |tee "hdmi_out.elf.size"
   text	   data	    bss	    dec	    hex	filename
 102220	   3584	24909504	25015308	17db40c	hdmi_out.elf
'Finished building: hdmi_out.elf.size'
' '
22:44:08 **** Auto Build of configuration Debug for project hdmi_out ****
make pre-build main-build 
a9-linaro-pre-build-step
' '
'Building file: ../src/display_demo.c'
'Invoking: ARM v7 gcc compiler'
arm-none-eabi-gcc -Wall -O0 -g3 -c -fmessage-length=0 -MT"src/display_demo.o" -mcpu=cortex-a9 -mfpu=vfpv3 -mfloat-abi=hard -I../../hdmi_out_bsp/ps7_cortexa9_0/include -MMD -MP -MF"src/display_demo.d" -MT"src/display_demo.o" -o "src/display_demo.o" "../src/display_demo.c"
../src/display_demo.c: In function 'DemoInitialize':
../src/display_demo.c:188:31: warning: passing argument 2 of 'XTmrCtr_SetHandler' from incompatible pointer type [-Wincompatible-pointer-types]
  XTmrCtr_SetHandler(&TMRInst, TMR_Intr_Handler, &TMRInst);
                               ^~~~~~~~~~~~~~~~
In file included from ../src/display_demo.c:40:
../../hdmi_out_bsp/ps7_cortexa9_0/include/xtmrctr.h:317:64: note: expected 'XTmrCtr_Handler' {aka 'void (*)(void *, unsigned char)'} but argument is of type 'void (*)(void *)'
 void XTmrCtr_SetHandler(XTmrCtr * InstancePtr, XTmrCtr_Handler FuncPtr,
                                                ~~~~~~~~~~~~~~~~^~~~~~~
../src/display_demo.c: In function 'DemoRun':
../src/display_demo.c:201:6: warning: unused variable 'nextFrame' [-Wunused-variable]
  int nextFrame = 0;
      ^~~~~~~~~
'Finished building: ../src/display_demo.c'
' '
'Building target: hdmi_out.elf'
'Invoking: ARM v7 gcc linker'
arm-none-eabi-gcc -mcpu=cortex-a9 -mfpu=vfpv3 -mfloat-abi=hard -Wl,-build-id=none -specs=Xilinx.spec -Wl,-T -Wl,../src/lscript.ld -L../../hdmi_out_bsp/ps7_cortexa9_0/lib -o "hdmi_out.elf"  ./src/timer_ps/timer_ps.o  ./src/dynclk/dynclk.o  ./src/display_ctrl/display_ctrl.o  ./src/display_demo.o   -Wl,--start-group,-lxil,-lgcc,-lc,--end-group
'Finished building target: hdmi_out.elf'
' '
'Invoking: ARM v7 Print Size'
arm-none-eabi-size hdmi_out.elf  |tee "hdmi_out.elf.size"
   text	   data	    bss	    dec	    hex	filename
 102284	   3584	24909504	25015372	17db44c	hdmi_out.elf
'Finished building: hdmi_out.elf.size'
' '
22:44:46 **** Incremental Build of configuration Debug for project hdmi_out ****
make pre-build main-build 
a9-linaro-pre-build-step
' '
make: Nothing to be done for 'main-build'.
22:45:04 **** Incremental Build of configuration Debug for project hdmi_out ****
make pre-build main-build 
a9-linaro-pre-build-step
' '
make: Nothing to be done for 'main-build'.
22:45:19 **** Incremental Build of configuration Debug for project hdmi_out ****
make pre-build main-build 
a9-linaro-pre-build-step
' '
make: Nothing to be done for 'main-build'.
22:45:23 **** Incremental Build of configuration Debug for project hdmi_out ****
make pre-build main-build 
a9-linaro-pre-build-step
' '
make: Nothing to be done for 'main-build'.
22:45:32 **** Incremental Build of configuration Debug for project hdmi_out ****
make pre-build main-build 
a9-linaro-pre-build-step
' '
make: Nothing to be done for 'main-build'.
11:29:17 **** Auto Build of configuration Debug for project hdmi_out ****
make pre-build main-build 
a9-linaro-pre-build-step
' '
'Building file: ../src/display_demo.c'
'Invoking: ARM v7 gcc compiler'
arm-none-eabi-gcc -Wall -O0 -g3 -c -fmessage-length=0 -MT"src/display_demo.o" -mcpu=cortex-a9 -mfpu=vfpv3 -mfloat-abi=hard -I../../hdmi_out_bsp/ps7_cortexa9_0/include -MMD -MP -MF"src/display_demo.d" -MT"src/display_demo.o" -o "src/display_demo.o" "../src/display_demo.c"
../src/display_demo.c: In function 'DemoInitialize':
../src/display_demo.c:188:31: warning: passing argument 2 of 'XTmrCtr_SetHandler' from incompatible pointer type [-Wincompatible-pointer-types]
  XTmrCtr_SetHandler(&TMRInst, TMR_Intr_Handler, &TMRInst);
                               ^~~~~~~~~~~~~~~~
In file included from ../src/display_demo.c:40:
../../hdmi_out_bsp/ps7_cortexa9_0/include/xtmrctr.h:317:64: note: expected 'XTmrCtr_Handler' {aka 'void (*)(void *, unsigned char)'} but argument is of type 'void (*)(void *)'
 void XTmrCtr_SetHandler(XTmrCtr * InstancePtr, XTmrCtr_Handler FuncPtr,
                                                ~~~~~~~~~~~~~~~~^~~~~~~
'Finished building: ../src/display_demo.c'
' '
'Building target: hdmi_out.elf'
'Invoking: ARM v7 gcc linker'
arm-none-eabi-gcc -mcpu=cortex-a9 -mfpu=vfpv3 -mfloat-abi=hard -Wl,-build-id=none -specs=Xilinx.spec -Wl,-T -Wl,../src/lscript.ld -L../../hdmi_out_bsp/ps7_cortexa9_0/lib -o "hdmi_out.elf"  ./src/timer_ps/timer_ps.o  ./src/dynclk/dynclk.o  ./src/display_ctrl/display_ctrl.o  ./src/display_demo.o   -Wl,--start-group,-lxil,-lgcc,-lc,--end-group
'Finished building target: hdmi_out.elf'
' '
'Invoking: ARM v7 Print Size'
arm-none-eabi-size hdmi_out.elf  |tee "hdmi_out.elf.size"
   text	   data	    bss	    dec	    hex	filename
 103180	   3584	24909504	25016268	17db7cc	hdmi_out.elf
'Finished building: hdmi_out.elf.size'
' '
12:00:32 **** Incremental Build of configuration Debug for project hdmi_out ****
make pre-build main-build 
a9-linaro-pre-build-step
' '
make: Nothing to be done for 'main-build'.
12:02:11 **** Auto Build of configuration Debug for project hdmi_out ****
make pre-build main-build 
a9-linaro-pre-build-step
' '
'Building file: ../src/display_demo.c'
'Invoking: ARM v7 gcc compiler'
arm-none-eabi-gcc -Wall -O0 -g3 -c -fmessage-length=0 -MT"src/display_demo.o" -mcpu=cortex-a9 -mfpu=vfpv3 -mfloat-abi=hard -I../../hdmi_out_bsp/ps7_cortexa9_0/include -MMD -MP -MF"src/display_demo.d" -MT"src/display_demo.o" -o "src/display_demo.o" "../src/display_demo.c"
../src/display_demo.c: In function 'DemoInitialize':
../src/display_demo.c:188:31: warning: passing argument 2 of 'XTmrCtr_SetHandler' from incompatible pointer type [-Wincompatible-pointer-types]
  XTmrCtr_SetHandler(&TMRInst, TMR_Intr_Handler, &TMRInst);
                               ^~~~~~~~~~~~~~~~
In file included from ../src/display_demo.c:40:
../../hdmi_out_bsp/ps7_cortexa9_0/include/xtmrctr.h:317:64: note: expected 'XTmrCtr_Handler' {aka 'void (*)(void *, unsigned char)'} but argument is of type 'void (*)(void *)'
 void XTmrCtr_SetHandler(XTmrCtr * InstancePtr, XTmrCtr_Handler FuncPtr,
                                                ~~~~~~~~~~~~~~~~^~~~~~~
'Finished building: ../src/display_demo.c'
' '
'Building target: hdmi_out.elf'
'Invoking: ARM v7 gcc linker'
arm-none-eabi-gcc -mcpu=cortex-a9 -mfpu=vfpv3 -mfloat-abi=hard -Wl,-build-id=none -specs=Xilinx.spec -Wl,-T -Wl,../src/lscript.ld -L../../hdmi_out_bsp/ps7_cortexa9_0/lib -o "hdmi_out.elf"  ./src/timer_ps/timer_ps.o  ./src/dynclk/dynclk.o  ./src/display_ctrl/display_ctrl.o  ./src/display_demo.o   -Wl,--start-group,-lxil,-lgcc,-lc,--end-group
'Finished building target: hdmi_out.elf'
' '
'Invoking: ARM v7 Print Size'
arm-none-eabi-size hdmi_out.elf  |tee "hdmi_out.elf.size"
   text	   data	    bss	    dec	    hex	filename
 103244	   3584	24909504	25016332	17db80c	hdmi_out.elf
'Finished building: hdmi_out.elf.size'
' '
12:02:27 **** Incremental Build of configuration Debug for project hdmi_out ****
make pre-build main-build 
a9-linaro-pre-build-step
' '
make: Nothing to be done for 'main-build'.
12:08:14 **** Auto Build of configuration Debug for project hdmi_out ****
make pre-build main-build 
a9-linaro-pre-build-step
' '
'Building file: ../src/display_demo.c'
'Invoking: ARM v7 gcc compiler'
arm-none-eabi-gcc -Wall -O0 -g3 -c -fmessage-length=0 -MT"src/display_demo.o" -mcpu=cortex-a9 -mfpu=vfpv3 -mfloat-abi=hard -I../../hdmi_out_bsp/ps7_cortexa9_0/include -MMD -MP -MF"src/display_demo.d" -MT"src/display_demo.o" -o "src/display_demo.o" "../src/display_demo.c"
../src/display_demo.c: In function 'DemoInitialize':
../src/display_demo.c:188:31: warning: passing argument 2 of 'XTmrCtr_SetHandler' from incompatible pointer type [-Wincompatible-pointer-types]
  XTmrCtr_SetHandler(&TMRInst, TMR_Intr_Handler, &TMRInst);
                               ^~~~~~~~~~~~~~~~
In file included from ../src/display_demo.c:40:
../../hdmi_out_bsp/ps7_cortexa9_0/include/xtmrctr.h:317:64: note: expected 'XTmrCtr_Handler' {aka 'void (*)(void *, unsigned char)'} but argument is of type 'void (*)(void *)'
 void XTmrCtr_SetHandler(XTmrCtr * InstancePtr, XTmrCtr_Handler FuncPtr,
                                                ~~~~~~~~~~~~~~~~^~~~~~~
'Finished building: ../src/display_demo.c'
' '
'Building target: hdmi_out.elf'
'Invoking: ARM v7 gcc linker'
arm-none-eabi-gcc -mcpu=cortex-a9 -mfpu=vfpv3 -mfloat-abi=hard -Wl,-build-id=none -specs=Xilinx.spec -Wl,-T -Wl,../src/lscript.ld -L../../hdmi_out_bsp/ps7_cortexa9_0/lib -o "hdmi_out.elf"  ./src/timer_ps/timer_ps.o  ./src/dynclk/dynclk.o  ./src/display_ctrl/display_ctrl.o  ./src/display_demo.o   -Wl,--start-group,-lxil,-lgcc,-lc,--end-group
'Finished building target: hdmi_out.elf'
' '
'Invoking: ARM v7 Print Size'
arm-none-eabi-size hdmi_out.elf  |tee "hdmi_out.elf.size"
   text	   data	    bss	    dec	    hex	filename
 103180	   3584	24909504	25016268	17db7cc	hdmi_out.elf
'Finished building: hdmi_out.elf.size'
' '
12:20:19 **** Auto Build of configuration Debug for project hdmi_out ****
make pre-build main-build 
a9-linaro-pre-build-step
' '
'Building file: ../src/display_demo.c'
'Invoking: ARM v7 gcc compiler'
arm-none-eabi-gcc -Wall -O0 -g3 -c -fmessage-length=0 -MT"src/display_demo.o" -mcpu=cortex-a9 -mfpu=vfpv3 -mfloat-abi=hard -I../../hdmi_out_bsp/ps7_cortexa9_0/include -MMD -MP -MF"src/display_demo.d" -MT"src/display_demo.o" -o "src/display_demo.o" "../src/display_demo.c"
../src/display_demo.c: In function 'DemoInitialize':
../src/display_demo.c:188:31: warning: passing argument 2 of 'XTmrCtr_SetHandler' from incompatible pointer type [-Wincompatible-pointer-types]
  XTmrCtr_SetHandler(&TMRInst, TMR_Intr_Handler, &TMRInst);
                               ^~~~~~~~~~~~~~~~
In file included from ../src/display_demo.c:40:
../../hdmi_out_bsp/ps7_cortexa9_0/include/xtmrctr.h:317:64: note: expected 'XTmrCtr_Handler' {aka 'void (*)(void *, unsigned char)'} but argument is of type 'void (*)(void *)'
 void XTmrCtr_SetHandler(XTmrCtr * InstancePtr, XTmrCtr_Handler FuncPtr,
                                                ~~~~~~~~~~~~~~~~^~~~~~~
../src/display_demo.c: In function 'TMR_Intr_Handler':
../src/display_demo.c:731:8: warning: unused variable 'nextFrame' [-Wunused-variable]
    int nextFrame = 0;
        ^~~~~~~~~
'Finished building: ../src/display_demo.c'
' '
'Building target: hdmi_out.elf'
'Invoking: ARM v7 gcc linker'
arm-none-eabi-gcc -mcpu=cortex-a9 -mfpu=vfpv3 -mfloat-abi=hard -Wl,-build-id=none -specs=Xilinx.spec -Wl,-T -Wl,../src/lscript.ld -L../../hdmi_out_bsp/ps7_cortexa9_0/lib -o "hdmi_out.elf"  ./src/timer_ps/timer_ps.o  ./src/dynclk/dynclk.o  ./src/display_ctrl/display_ctrl.o  ./src/display_demo.o   -Wl,--start-group,-lxil,-lgcc,-lc,--end-group
'Finished building target: hdmi_out.elf'
' '
'Invoking: ARM v7 Print Size'
arm-none-eabi-size hdmi_out.elf  |tee "hdmi_out.elf.size"
   text	   data	    bss	    dec	    hex	filename
 103180	   3584	24909504	25016268	17db7cc	hdmi_out.elf
'Finished building: hdmi_out.elf.size'
' '
12:20:46 **** Incremental Build of configuration Debug for project hdmi_out ****
make pre-build main-build 
a9-linaro-pre-build-step
' '
make: Nothing to be done for 'main-build'.
12:21:15 **** Incremental Build of configuration Debug for project hdmi_out ****
make pre-build main-build 
a9-linaro-pre-build-step
' '
make: Nothing to be done for 'main-build'.
